*** Using Compiler 'V5.06 update 7 (build 960)', folder: 'D:\Keil_v5\ARM\ARMCC\Bin'
Build target 'Target 1'
compiling game.c...
linking...
Program Size: Code=10656 RO-data=2564 RW-data=56 ZI-data=3168  
FromELF: creating hex file...
".\Objects\Project.axf" - 0 Error(s), 0 Warning(s).
Build Time Elapsed:  00:00:00
