Component: ARM Compiler 5.06 update 7 (build 960) Tool: armlink [4d3601]

==============================================================================

Section Cross References

    startup_stm32f10x_md.o(RESET) refers to startup_stm32f10x_md.o(STACK) for __initial_sp
    startup_stm32f10x_md.o(RESET) refers to startup_stm32f10x_md.o(.text) for Reset_Handler
    startup_stm32f10x_md.o(RESET) refers to stm32f10x_it.o(i.NMI_Handler) for NMI_Handler
    startup_stm32f10x_md.o(RESET) refers to stm32f10x_it.o(i.HardFault_Handler) for HardFault_Handler
    startup_stm32f10x_md.o(RESET) refers to stm32f10x_it.o(i.MemManage_Handler) for MemManage_Handler
    startup_stm32f10x_md.o(RESET) refers to stm32f10x_it.o(i.BusFault_Handler) for BusFault_Handler
    startup_stm32f10x_md.o(RESET) refers to stm32f10x_it.o(i.UsageFault_Handler) for UsageFault_Handler
    startup_stm32f10x_md.o(RESET) refers to stm32f10x_it.o(i.SVC_Handler) for SVC_Handler
    startup_stm32f10x_md.o(RESET) refers to stm32f10x_it.o(i.DebugMon_Handler) for DebugMon_Handler
    startup_stm32f10x_md.o(RESET) refers to stm32f10x_it.o(i.PendSV_Handler) for PendSV_Handler
    startup_stm32f10x_md.o(RESET) refers to stm32f10x_it.o(i.SysTick_Handler) for SysTick_Handler
    startup_stm32f10x_md.o(RESET) refers to serial.o(i.USART1_IRQHandler) for USART1_IRQHandler
    startup_stm32f10x_md.o(.text) refers to system_stm32f10x.o(i.SystemInit) for SystemInit
    startup_stm32f10x_md.o(.text) refers to entry.o(.ARM.Collect$$$$00000000) for __main
    system_stm32f10x.o(i.SetSysClock) refers to system_stm32f10x.o(i.SetSysClockTo72) for SetSysClockTo72
    system_stm32f10x.o(i.SystemCoreClockUpdate) refers to system_stm32f10x.o(.data) for SystemCoreClock
    system_stm32f10x.o(i.SystemInit) refers to system_stm32f10x.o(i.SetSysClock) for SetSysClock
    stm32f10x_adc.o(i.ADC_DeInit) refers to stm32f10x_rcc.o(i.RCC_APB2PeriphResetCmd) for RCC_APB2PeriphResetCmd
    stm32f10x_bkp.o(i.BKP_DeInit) refers to stm32f10x_rcc.o(i.RCC_BackupResetCmd) for RCC_BackupResetCmd
    stm32f10x_can.o(i.CAN_DeInit) refers to stm32f10x_rcc.o(i.RCC_APB1PeriphResetCmd) for RCC_APB1PeriphResetCmd
    stm32f10x_can.o(i.CAN_GetITStatus) refers to stm32f10x_can.o(i.CheckITStatus) for CheckITStatus
    stm32f10x_cec.o(i.CEC_DeInit) refers to stm32f10x_rcc.o(i.RCC_APB1PeriphResetCmd) for RCC_APB1PeriphResetCmd
    stm32f10x_dac.o(i.DAC_DeInit) refers to stm32f10x_rcc.o(i.RCC_APB1PeriphResetCmd) for RCC_APB1PeriphResetCmd
    stm32f10x_flash.o(i.FLASH_EnableWriteProtection) refers to stm32f10x_flash.o(i.FLASH_WaitForLastOperation) for FLASH_WaitForLastOperation
    stm32f10x_flash.o(i.FLASH_EraseAllBank1Pages) refers to stm32f10x_flash.o(i.FLASH_WaitForLastBank1Operation) for FLASH_WaitForLastBank1Operation
    stm32f10x_flash.o(i.FLASH_EraseAllPages) refers to stm32f10x_flash.o(i.FLASH_WaitForLastOperation) for FLASH_WaitForLastOperation
    stm32f10x_flash.o(i.FLASH_EraseOptionBytes) refers to stm32f10x_flash.o(i.FLASH_GetReadOutProtectionStatus) for FLASH_GetReadOutProtectionStatus
    stm32f10x_flash.o(i.FLASH_EraseOptionBytes) refers to stm32f10x_flash.o(i.FLASH_WaitForLastOperation) for FLASH_WaitForLastOperation
    stm32f10x_flash.o(i.FLASH_ErasePage) refers to stm32f10x_flash.o(i.FLASH_WaitForLastOperation) for FLASH_WaitForLastOperation
    stm32f10x_flash.o(i.FLASH_ProgramHalfWord) refers to stm32f10x_flash.o(i.FLASH_WaitForLastOperation) for FLASH_WaitForLastOperation
    stm32f10x_flash.o(i.FLASH_ProgramOptionByteData) refers to stm32f10x_flash.o(i.FLASH_WaitForLastOperation) for FLASH_WaitForLastOperation
    stm32f10x_flash.o(i.FLASH_ProgramWord) refers to stm32f10x_flash.o(i.FLASH_WaitForLastOperation) for FLASH_WaitForLastOperation
    stm32f10x_flash.o(i.FLASH_ReadOutProtection) refers to stm32f10x_flash.o(i.FLASH_WaitForLastOperation) for FLASH_WaitForLastOperation
    stm32f10x_flash.o(i.FLASH_UserOptionByteConfig) refers to stm32f10x_flash.o(i.FLASH_WaitForLastOperation) for FLASH_WaitForLastOperation
    stm32f10x_flash.o(i.FLASH_WaitForLastBank1Operation) refers to stm32f10x_flash.o(i.FLASH_GetBank1Status) for FLASH_GetBank1Status
    stm32f10x_flash.o(i.FLASH_WaitForLastOperation) refers to stm32f10x_flash.o(i.FLASH_GetBank1Status) for FLASH_GetBank1Status
    stm32f10x_gpio.o(i.GPIO_AFIODeInit) refers to stm32f10x_rcc.o(i.RCC_APB2PeriphResetCmd) for RCC_APB2PeriphResetCmd
    stm32f10x_gpio.o(i.GPIO_DeInit) refers to stm32f10x_rcc.o(i.RCC_APB2PeriphResetCmd) for RCC_APB2PeriphResetCmd
    stm32f10x_i2c.o(i.I2C_DeInit) refers to stm32f10x_rcc.o(i.RCC_APB1PeriphResetCmd) for RCC_APB1PeriphResetCmd
    stm32f10x_i2c.o(i.I2C_Init) refers to stm32f10x_rcc.o(i.RCC_GetClocksFreq) for RCC_GetClocksFreq
    stm32f10x_pwr.o(i.PWR_DeInit) refers to stm32f10x_rcc.o(i.RCC_APB1PeriphResetCmd) for RCC_APB1PeriphResetCmd
    stm32f10x_rcc.o(i.RCC_GetClocksFreq) refers to stm32f10x_rcc.o(.data) for APBAHBPrescTable
[...]
    Removing stm32f10x_cec.o(i.CEC_ITConfig), (12 bytes).
    Removing stm32f10x_cec.o(i.CEC_Init), (32 bytes).
    Removing stm32f10x_cec.o(i.CEC_OwnAddressConfig), (12 bytes).
    Removing stm32f10x_cec.o(i.CEC_ReceiveDataByte), (12 bytes).
    Removing stm32f10x_cec.o(i.CEC_SendDataByte), (12 bytes).
    Removing stm32f10x_cec.o(i.CEC_SetPrescaler), (12 bytes).
    Removing stm32f10x_cec.o(i.CEC_StartOfMessage), (12 bytes).
    Removing stm32f10x_crc.o(i.CRC_CalcBlockCRC), (36 bytes).
    Removing stm32f10x_crc.o(i.CRC_CalcCRC), (16 bytes).
    Removing stm32f10x_crc.o(i.CRC_GetCRC), (12 bytes).
    Removing stm32f10x_crc.o(i.CRC_GetIDRegister), (12 bytes).
    Removing stm32f10x_crc.o(i.CRC_ResetDR), (12 bytes).
    Removing stm32f10x_crc.o(i.CRC_SetIDRegister), (12 bytes).
    Removing stm32f10x_dac.o(i.DAC_Cmd), (40 bytes).
    Removing stm32f10x_dac.o(i.DAC_DMACmd), (44 bytes).
    Removing stm32f10x_dac.o(i.DAC_DeInit), (22 bytes).
    Removing stm32f10x_dac.o(i.DAC_DualSoftwareTriggerCmd), (36 bytes).
    Removing stm32f10x_dac.o(i.DAC_GetDataOutputValue), (36 bytes).
    Removing stm32f10x_dac.o(i.DAC_Init), (52 bytes).
    Removing stm32f10x_dac.o(i.DAC_SetChannel1Data), (32 bytes).
    Removing stm32f10x_dac.o(i.DAC_SetChannel2Data), (32 bytes).
    Removing stm32f10x_dac.o(i.DAC_SetDualChannelData), (36 bytes).
    Removing stm32f10x_dac.o(i.DAC_SoftwareTriggerCmd), (44 bytes).
    Removing stm32f10x_dac.o(i.DAC_StructInit), (12 bytes).
    Removing stm32f10x_dac.o(i.DAC_WaveGenerationCmd), (40 bytes).
    Removing stm32f10x_dbgmcu.o(i.DBGMCU_Config), (32 bytes).
    Removing stm32f10x_dbgmcu.o(i.DBGMCU_GetDEVID), (16 bytes).
    Removing stm32f10x_dbgmcu.o(i.DBGMCU_GetREVID), (12 bytes).
    Removing stm32f10x_dma.o(i.DMA_ClearFlag), (28 bytes).
    Removing stm32f10x_dma.o(i.DMA_ClearITPendingBit), (28 bytes).
    Removing stm32f10x_dma.o(i.DMA_Cmd), (24 bytes).
    Removing stm32f10x_dma.o(i.DMA_DeInit), (332 bytes).
    Removing stm32f10x_dma.o(i.DMA_GetCurrDataCounter), (8 bytes).
    Removing stm32f10x_dma.o(i.DMA_GetFlagStatus), (44 bytes).
    Removing stm32f10x_dma.o(i.DMA_GetITStatus), (44 bytes).
    Removing stm32f10x_dma.o(i.DMA_ITConfig), (18 bytes).
    Removing stm32f10x_dma.o(i.DMA_Init), (60 bytes).
    Removing stm32f10x_dma.o(i.DMA_SetCurrDataCounter), (4 bytes).
    Removing stm32f10x_dma.o(i.DMA_StructInit), (26 bytes).
    Removing stm32f10x_exti.o(i.EXTI_ClearFlag), (12 bytes).
    Removing stm32f10x_exti.o(i.EXTI_ClearITPendingBit), (12 bytes).
    Removing stm32f10x_exti.o(i.EXTI_DeInit), (36 bytes).
    Removing stm32f10x_exti.o(i.EXTI_GenerateSWInterrupt), (16 bytes).
    Removing stm32f10x_exti.o(i.EXTI_GetFlagStatus), (24 bytes).
    Removing stm32f10x_exti.o(i.EXTI_GetITStatus), (40 bytes).
    Removing stm32f10x_exti.o(i.EXTI_Init), (148 bytes).
    Removing stm32f10x_exti.o(i.EXTI_StructInit), (16 bytes).
    Removing stm32f10x_flash.o(i.FLASH_ClearFlag), (12 bytes).
    Removing stm32f10x_flash.o(i.FLASH_EnableWriteProtection), (196 bytes).
    Removing stm32f10x_flash.o(i.FLASH_EraseAllBank1Pages), (72 bytes).
    Removing stm32f10x_flash.o(i.FLASH_EraseAllPages), (72 bytes).
    Removing stm32f10x_flash.o(i.FLASH_EraseOptionBytes), (168 bytes).
    Removing stm32f10x_flash.o(i.FLASH_GetFlagStatus), (48 bytes).
    Removing stm32f10x_flash.o(i.FLASH_GetPrefetchBufferStatus), (24 bytes).
    Removing stm32f10x_flash.o(i.FLASH_GetReadOutProtectionStatus), (24 bytes).
    Removing stm32f10x_flash.o(i.FLASH_GetStatus), (52 bytes).
    Removing stm32f10x_flash.o(i.FLASH_GetUserOptionByte), (12 bytes).
    Removing stm32f10x_flash.o(i.FLASH_GetWriteProtectionOptionByte), (12 bytes).
    Removing stm32f10x_flash.o(i.FLASH_HalfCycleAccessCmd), (28 bytes).
    Removing stm32f10x_flash.o(i.FLASH_ITConfig), (32 bytes).
    Removing stm32f10x_flash.o(i.FLASH_LockBank1), (20 bytes).
    Removing stm32f10x_flash.o(i.FLASH_PrefetchBufferCmd), (28 bytes).
    Removing stm32f10x_flash.o(i.FLASH_ProgramOptionByteData), (84 bytes).
    Removing stm32f10x_flash.o(i.FLASH_ProgramWord), (108 bytes).
    Removing stm32f10x_flash.o(i.FLASH_ReadOutProtection), (172 bytes).
    Removing stm32f10x_flash.o(i.FLASH_SetLatency), (24 bytes).
    Removing stm32f10x_flash.o(i.FLASH_UnlockBank1), (24 bytes).
    Removing stm32f10x_flash.o(i.FLASH_UserOptionByteConfig), (104 bytes).
    Removing stm32f10x_flash.o(i.FLASH_WaitForLastBank1Operation), (38 bytes).
    Removing stm32f10x_fsmc.o(i.FSMC_ClearFlag), (64 bytes).
    Removing stm32f10x_fsmc.o(i.FSMC_ClearITPendingBit), (72 bytes).
    Removing stm32f10x_fsmc.o(i.FSMC_GetECC), (28 bytes).
    Removing stm32f10x_fsmc.o(i.FSMC_GetFlagStatus), (56 bytes).
    Removing stm32f10x_fsmc.o(i.FSMC_GetITStatus), (68 bytes).
    Removing stm32f10x_fsmc.o(i.FSMC_ITConfig), (128 bytes).
    Removing stm32f10x_fsmc.o(i.FSMC_NANDCmd), (92 bytes).
    Removing stm32f10x_fsmc.o(i.FSMC_NANDDeInit), (68 bytes).
    Removing stm32f10x_fsmc.o(i.FSMC_NANDECCCmd), (92 bytes).
    Removing stm32f10x_fsmc.o(i.FSMC_NANDInit), (136 bytes).
    Removing stm32f10x_fsmc.o(i.FSMC_NANDStructInit), (54 bytes).
    Removing stm32f10x_fsmc.o(i.FSMC_NORSRAMCmd), (52 bytes).
    Removing stm32f10x_fsmc.o(i.FSMC_NORSRAMDeInit), (54 bytes).
    Removing stm32f10x_fsmc.o(i.FSMC_NORSRAMInit), (230 bytes).
    Removing stm32f10x_fsmc.o(i.FSMC_NORSRAMStructInit), (114 bytes).
    Removing stm32f10x_fsmc.o(i.FSMC_PCCARDCmd), (48 bytes).
    Removing stm32f10x_fsmc.o(i.FSMC_PCCARDDeInit), (40 bytes).
    Removing stm32f10x_fsmc.o(i.FSMC_PCCARDInit), (132 bytes).
    Removing stm32f10x_fsmc.o(i.FSMC_PCCARDStructInit), (60 bytes).
    Removing stm32f10x_gpio.o(i.GPIO_AFIODeInit), (20 bytes).
    Removing stm32f10x_gpio.o(i.GPIO_DeInit), (200 bytes).
    Removing stm32f10x_gpio.o(i.GPIO_ETH_MediaInterfaceConfig), (12 bytes).
    Removing stm32f10x_gpio.o(i.GPIO_EXTILineConfig), (64 bytes).
    Removing stm32f10x_gpio.o(i.GPIO_EventOutputCmd), (12 bytes).
    Removing stm32f10x_gpio.o(i.GPIO_EventOutputConfig), (32 bytes).
    Removing stm32f10x_gpio.o(i.GPIO_PinLockConfig), (18 bytes).
    Removing stm32f10x_gpio.o(i.GPIO_PinRemapConfig), (144 bytes).
    Removing stm32f10x_gpio.o(i.GPIO_ReadInputData), (8 bytes).
    Removing stm32f10x_gpio.o(i.GPIO_ReadOutputData), (8 bytes).
    Removing stm32f10x_gpio.o(i.GPIO_ReadOutputDataBit), (18 bytes).
    Removing stm32f10x_gpio.o(i.GPIO_ResetBits), (4 bytes).
    Removing stm32f10x_gpio.o(i.GPIO_SetBits), (4 bytes).
    Removing stm32f10x_gpio.o(i.GPIO_StructInit), (16 bytes).
    Removing stm32f10x_gpio.o(i.GPIO_Write), (4 bytes).
    Removing stm32f10x_i2c.o(i.I2C_ARPCmd), (24 bytes).
    Removing stm32f10x_i2c.o(i.I2C_AcknowledgeConfig), (24 bytes).
    Removing stm32f10x_i2c.o(i.I2C_CalculatePEC), (24 bytes).
    Removing stm32f10x_i2c.o(i.I2C_CheckEvent), (42 bytes).
    Removing stm32f10x_i2c.o(i.I2C_ClearFlag), (12 bytes).
    Removing stm32f10x_i2c.o(i.I2C_ClearITPendingBit), (12 bytes).
    Removing stm32f10x_i2c.o(i.I2C_Cmd), (24 bytes).
    Removing stm32f10x_i2c.o(i.I2C_DMACmd), (24 bytes).
    Removing stm32f10x_i2c.o(i.I2C_DMALastTransferCmd), (24 bytes).
    Removing stm32f10x_i2c.o(i.I2C_DeInit), (56 bytes).
    Removing stm32f10x_i2c.o(i.I2C_DualAddressCmd), (24 bytes).
    Removing stm32f10x_i2c.o(i.I2C_FastModeDutyCycleConfig), (28 bytes).
    Removing stm32f10x_i2c.o(i.I2C_GeneralCallCmd), (24 bytes).
    Removing stm32f10x_i2c.o(i.I2C_GenerateSTART), (24 bytes).
    Removing stm32f10x_i2c.o(i.I2C_GenerateSTOP), (24 bytes).
    Removing stm32f10x_i2c.o(i.I2C_GetFlagStatus), (58 bytes).
    Removing stm32f10x_i2c.o(i.I2C_GetITStatus), (38 bytes).
    Removing stm32f10x_i2c.o(i.I2C_GetLastEvent), (26 bytes).
    Removing stm32f10x_i2c.o(i.I2C_GetPEC), (8 bytes).
    Removing stm32f10x_i2c.o(i.I2C_ITConfig), (18 bytes).
    Removing stm32f10x_i2c.o(i.I2C_Init), (236 bytes).
    Removing stm32f10x_i2c.o(i.I2C_NACKPositionConfig), (28 bytes).
    Removing stm32f10x_i2c.o(i.I2C_OwnAddress2Config), (22 bytes).
    Removing stm32f10x_i2c.o(i.I2C_PECPositionConfig), (28 bytes).
    Removing stm32f10x_i2c.o(i.I2C_ReadRegister), (22 bytes).
    Removing stm32f10x_i2c.o(i.I2C_ReceiveData), (8 bytes).
    Removing stm32f10x_i2c.o(i.I2C_SMBusAlertConfig), (28 bytes).
    Removing stm32f10x_i2c.o(i.I2C_Send7bitAddress), (18 bytes).
    Removing stm32f10x_i2c.o(i.I2C_SendData), (4 bytes).
    Removing stm32f10x_i2c.o(i.I2C_SoftwareResetCmd), (22 bytes).
    Removing stm32f10x_i2c.o(i.I2C_StretchClockCmd), (24 bytes).
    Removing stm32f10x_i2c.o(i.I2C_StructInit), (30 bytes).
    Removing stm32f10x_i2c.o(i.I2C_TransmitPEC), (24 bytes).
    Removing stm32f10x_iwdg.o(i.IWDG_Enable), (16 bytes).
    Removing stm32f10x_iwdg.o(i.IWDG_GetFlagStatus), (24 bytes).
    Removing stm32f10x_iwdg.o(i.IWDG_ReloadCounter), (16 bytes).
    Removing stm32f10x_iwdg.o(i.IWDG_SetPrescaler), (12 bytes).
    Removing stm32f10x_iwdg.o(i.IWDG_SetReload), (12 bytes).
    Removing stm32f10x_iwdg.o(i.IWDG_WriteAccessCmd), (12 bytes).
    Removing stm32f10x_pwr.o(i.PWR_BackupAccessCmd), (12 bytes).
    Removing stm32f10x_pwr.o(i.PWR_ClearFlag), (20 bytes).
    Removing stm32f10x_pwr.o(i.PWR_DeInit), (22 bytes).
    Removing stm32f10x_pwr.o(i.PWR_EnterSTANDBYMode), (52 bytes).
    Removing stm32f10x_pwr.o(i.PWR_EnterSTOPMode), (64 bytes).
    Removing stm32f10x_pwr.o(i.PWR_GetFlagStatus), (24 bytes).
    Removing stm32f10x_pwr.o(i.PWR_PVDCmd), (12 bytes).
    Removing stm32f10x_pwr.o(i.PWR_PVDLevelConfig), (24 bytes).
    Removing stm32f10x_pwr.o(i.PWR_WakeUpPinCmd), (12 bytes).
    Removing stm32f10x_rcc.o(i.RCC_ADCCLKConfig), (24 bytes).
    Removing stm32f10x_rcc.o(i.RCC_AHBPeriphClockCmd), (32 bytes).
    Removing stm32f10x_rcc.o(i.RCC_APB1PeriphClockCmd), (32 bytes).
    Removing stm32f10x_rcc.o(i.RCC_APB1PeriphResetCmd), (32 bytes).
    Removing stm32f10x_rcc.o(i.RCC_APB2PeriphResetCmd), (32 bytes).
    Removing stm32f10x_rcc.o(i.RCC_AdjustHSICalibrationValue), (24 bytes).
    Removing stm32f10x_rcc.o(i.RCC_BackupResetCmd), (12 bytes).
    Removing stm32f10x_rcc.o(i.RCC_ClearFlag), (20 bytes).
    Removing stm32f10x_rcc.o(i.RCC_ClearITPendingBit), (12 bytes).
    Removing stm32f10x_rcc.o(i.RCC_ClockSecuritySystemCmd), (12 bytes).
    Removing stm32f10x_rcc.o(i.RCC_DeInit), (76 bytes).
    Removing stm32f10x_rcc.o(i.RCC_GetClocksFreq), (212 bytes).
    Removing stm32f10x_rcc.o(i.RCC_GetFlagStatus), (60 bytes).
    Removing stm32f10x_rcc.o(i.RCC_GetITStatus), (24 bytes).
    Removing stm32f10x_rcc.o(i.RCC_GetSYSCLKSource), (16 bytes).
    Removing stm32f10x_rcc.o(i.RCC_HCLKConfig), (24 bytes).
    Removing stm32f10x_rcc.o(i.RCC_HSEConfig), (76 bytes).
    Removing stm32f10x_rcc.o(i.RCC_HSICmd), (12 bytes).
    Removing stm32f10x_rcc.o(i.RCC_ITConfig), (32 bytes).
    Removing stm32f10x_rcc.o(i.RCC_LSEConfig), (52 bytes).
    Removing stm32f10x_rcc.o(i.RCC_LSICmd), (12 bytes).
    Removing stm32f10x_rcc.o(i.RCC_MCOConfig), (12 bytes).
    Removing stm32f10x_rcc.o(i.RCC_PCLK1Config), (24 bytes).
    Removing stm32f10x_rcc.o(i.RCC_PCLK2Config), (24 bytes).
    Removing stm32f10x_rcc.o(i.RCC_PLLCmd), (12 bytes).
    Removing stm32f10x_rcc.o(i.RCC_PLLConfig), (28 bytes).
    Removing stm32f10x_rcc.o(i.RCC_RTCCLKCmd), (12 bytes).
    Removing stm32f10x_rcc.o(i.RCC_RTCCLKConfig), (16 bytes).
    Removing stm32f10x_rcc.o(i.RCC_SYSCLKConfig), (24 bytes).
    Removing stm32f10x_rcc.o(i.RCC_USBCLKConfig), (12 bytes).
    Removing stm32f10x_rcc.o(i.RCC_WaitForHSEStartUp), (56 bytes).
    Removing stm32f10x_rcc.o(.data), (20 bytes).
    Removing stm32f10x_rtc.o(i.RTC_ClearFlag), (16 bytes).
    Removing stm32f10x_rtc.o(i.RTC_ClearITPendingBit), (16 bytes).
    Removing stm32f10x_rtc.o(i.RTC_EnterConfigMode), (20 bytes).
    Removing stm32f10x_rtc.o(i.RTC_ExitConfigMode), (20 bytes).
    Removing stm32f10x_rtc.o(i.RTC_GetCounter), (20 bytes).
    Removing stm32f10x_rtc.o(i.RTC_GetDivider), (24 bytes).
    Removing stm32f10x_rtc.o(i.RTC_GetFlagStatus), (24 bytes).
    Removing stm32f10x_rtc.o(i.RTC_GetITStatus), (36 bytes).
    Removing stm32f10x_rtc.o(i.RTC_ITConfig), (32 bytes).
    Removing stm32f10x_rtc.o(i.RTC_SetAlarm), (28 bytes).
    Removing stm32f10x_rtc.o(i.RTC_SetCounter), (28 bytes).
    Removing stm32f10x_rtc.o(i.RTC_SetPrescaler), (32 bytes).
    Removing stm32f10x_rtc.o(i.RTC_WaitForLastTask), (20 bytes).
    Removing stm32f10x_rtc.o(i.RTC_WaitForSynchro), (36 bytes).
    Removing stm32f10x_sdio.o(i.SDIO_CEATAITCmd), (16 bytes).
    Removing stm32f10x_sdio.o(i.SDIO_ClearFlag), (12 bytes).
    Removing stm32f10x_sdio.o(i.SDIO_ClearITPendingBit), (12 bytes).
    Removing stm32f10x_sdio.o(i.SDIO_ClockCmd), (12 bytes).
    Removing stm32f10x_sdio.o(i.SDIO_CmdStructInit), (14 bytes).
    Removing stm32f10x_sdio.o(i.SDIO_CommandCompletionCmd), (12 bytes).
    Removing stm32f10x_sdio.o(i.SDIO_DMACmd), (12 bytes).
    Removing stm32f10x_sdio.o(i.SDIO_DataConfig), (48 bytes).
    Removing stm32f10x_sdio.o(i.SDIO_DataStructInit), (20 bytes).
    Removing stm32f10x_sdio.o(i.SDIO_DeInit), (36 bytes).
    Removing stm32f10x_sdio.o(i.SDIO_GetCommandResponse), (12 bytes).
    Removing stm32f10x_sdio.o(i.SDIO_GetDataCounter), (12 bytes).
    Removing stm32f10x_sdio.o(i.SDIO_GetFIFOCount), (12 bytes).
    Removing stm32f10x_sdio.o(i.SDIO_GetFlagStatus), (24 bytes).
    Removing stm32f10x_sdio.o(i.SDIO_GetITStatus), (24 bytes).
    Removing stm32f10x_sdio.o(i.SDIO_GetPowerState), (16 bytes).
    Removing stm32f10x_sdio.o(i.SDIO_GetResponse), (24 bytes).
    Removing stm32f10x_sdio.o(i.SDIO_ITConfig), (32 bytes).
    Removing stm32f10x_sdio.o(i.SDIO_Init), (48 bytes).
    Removing stm32f10x_sdio.o(i.SDIO_ReadData), (12 bytes).
    Removing stm32f10x_sdio.o(i.SDIO_SendCEATACmd), (12 bytes).
    Removing stm32f10x_sdio.o(i.SDIO_SendCommand), (44 bytes).
    Removing stm32f10x_sdio.o(i.SDIO_SendSDIOSuspendCmd), (12 bytes).
    Removing stm32f10x_sdio.o(i.SDIO_SetPowerState), (28 bytes).
    Removing stm32f10x_sdio.o(i.SDIO_SetSDIOOperation), (12 bytes).
    Removing stm32f10x_sdio.o(i.SDIO_SetSDIOReadWaitMode), (12 bytes).
    Removing stm32f10x_sdio.o(i.SDIO_StartSDIOReadWait), (12 bytes).
    Removing stm32f10x_sdio.o(i.SDIO_StopSDIOReadWait), (12 bytes).
    Removing stm32f10x_sdio.o(i.SDIO_StructInit), (16 bytes).
    Removing stm32f10x_sdio.o(i.SDIO_WriteData), (12 bytes).
    Removing stm32f10x_spi.o(i.I2S_Cmd), (24 bytes).
    Removing stm32f10x_spi.o(i.I2S_Init), (232 bytes).
    Removing stm32f10x_spi.o(i.I2S_StructInit), (20 bytes).
    Removing stm32f10x_spi.o(i.SPI_BiDirectionalLineConfig), (28 bytes).
    Removing stm32f10x_spi.o(i.SPI_CalculateCRC), (24 bytes).
    Removing stm32f10x_spi.o(i.SPI_Cmd), (24 bytes).
    Removing stm32f10x_spi.o(i.SPI_DataSizeConfig), (18 bytes).
    Removing stm32f10x_spi.o(i.SPI_GetCRC), (16 bytes).
    Removing stm32f10x_spi.o(i.SPI_GetCRCPolynomial), (6 bytes).
    Removing stm32f10x_spi.o(i.SPI_I2S_ClearFlag), (6 bytes).
    Removing stm32f10x_spi.o(i.SPI_I2S_ClearITPendingBit), (20 bytes).
    Removing stm32f10x_spi.o(i.SPI_I2S_DMACmd), (18 bytes).
    Removing stm32f10x_spi.o(i.SPI_I2S_DeInit), (88 bytes).
    Removing stm32f10x_spi.o(i.SPI_I2S_GetFlagStatus), (18 bytes).
    Removing stm32f10x_spi.o(i.SPI_I2S_GetITStatus), (52 bytes).
    Removing stm32f10x_spi.o(i.SPI_I2S_ITConfig), (32 bytes).
    Removing stm32f10x_spi.o(i.SPI_I2S_ReceiveData), (6 bytes).
    Removing stm32f10x_spi.o(i.SPI_I2S_SendData), (4 bytes).
    Removing stm32f10x_spi.o(i.SPI_Init), (60 bytes).
    Removing stm32f10x_spi.o(i.SPI_NSSInternalSoftwareConfig), (30 bytes).
    Removing stm32f10x_spi.o(i.SPI_SSOutputCmd), (24 bytes).
    Removing stm32f10x_spi.o(i.SPI_StructInit), (24 bytes).
    Removing stm32f10x_spi.o(i.SPI_TransmitCRC), (10 bytes).
    Removing stm32f10x_tim.o(i.TI1_Config), (128 bytes).
    Removing stm32f10x_tim.o(i.TI2_Config), (152 bytes).
    Removing stm32f10x_tim.o(i.TI3_Config), (144 bytes).
    Removing stm32f10x_tim.o(i.TI4_Config), (152 bytes).
    Removing stm32f10x_tim.o(i.TIM_ARRPreloadConfig), (24 bytes).
    Removing stm32f10x_tim.o(i.TIM_BDTRConfig), (32 bytes).
    Removing stm32f10x_tim.o(i.TIM_BDTRStructInit), (18 bytes).
    Removing stm32f10x_tim.o(i.TIM_CCPreloadControl), (24 bytes).
    Removing stm32f10x_tim.o(i.TIM_CCxCmd), (30 bytes).
    Removing stm32f10x_tim.o(i.TIM_CCxNCmd), (30 bytes).
    Removing stm32f10x_tim.o(i.TIM_ClearFlag), (6 bytes).
    Removing stm32f10x_tim.o(i.TIM_ClearITPendingBit), (6 bytes).
    Removing stm32f10x_tim.o(i.TIM_ClearOC1Ref), (18 bytes).
    Removing stm32f10x_tim.o(i.TIM_ClearOC2Ref), (24 bytes).
    Removing stm32f10x_tim.o(i.TIM_ClearOC3Ref), (18 bytes).
    Removing stm32f10x_tim.o(i.TIM_ClearOC4Ref), (24 bytes).
    Removing stm32f10x_tim.o(i.TIM_Cmd), (24 bytes).
    Removing stm32f10x_tim.o(i.TIM_CounterModeConfig), (18 bytes).
    Removing stm32f10x_tim.o(i.TIM_CtrlPWMOutputs), (30 bytes).
    Removing stm32f10x_tim.o(i.TIM_DMACmd), (18 bytes).
    Removing stm32f10x_tim.o(i.TIM_DMAConfig), (10 bytes).
    Removing stm32f10x_tim.o(i.TIM_DeInit), (488 bytes).
    Removing stm32f10x_tim.o(i.TIM_ETRClockMode1Config), (54 bytes).
    Removing stm32f10x_tim.o(i.TIM_ETRClockMode2Config), (32 bytes).
    Removing stm32f10x_tim.o(i.TIM_ETRConfig), (28 bytes).
    Removing stm32f10x_tim.o(i.TIM_EncoderInterfaceConfig), (66 bytes).
    Removing stm32f10x_tim.o(i.TIM_ForcedOC1Config), (18 bytes).
    Removing stm32f10x_tim.o(i.TIM_ForcedOC2Config), (26 bytes).
    Removing stm32f10x_tim.o(i.TIM_ForcedOC3Config), (18 bytes).
    Removing stm32f10x_tim.o(i.TIM_ForcedOC4Config), (26 bytes).
    Removing stm32f10x_tim.o(i.TIM_GenerateEvent), (4 bytes).
    Removing stm32f10x_tim.o(i.TIM_GetCapture1), (6 bytes).
    Removing stm32f10x_tim.o(i.TIM_GetCapture2), (6 bytes).
    Removing stm32f10x_tim.o(i.TIM_GetCapture3), (6 bytes).
    Removing stm32f10x_tim.o(i.TIM_GetCapture4), (8 bytes).
    Removing stm32f10x_tim.o(i.TIM_GetCounter), (6 bytes).
    Removing stm32f10x_tim.o(i.TIM_GetFlagStatus), (18 bytes).
    Removing stm32f10x_tim.o(i.TIM_GetITStatus), (34 bytes).
    Removing stm32f10x_tim.o(i.TIM_GetPrescaler), (6 bytes).
    Removing stm32f10x_tim.o(i.TIM_ICInit), (172 bytes).
    Removing stm32f10x_tim.o(i.TIM_ICStructInit), (18 bytes).
    Removing stm32f10x_tim.o(i.TIM_ITConfig), (18 bytes).
    Removing stm32f10x_tim.o(i.TIM_ITRxExternalClockConfig), (24 bytes).
    Removing stm32f10x_tim.o(i.TIM_InternalClockConfig), (12 bytes).
    Removing stm32f10x_tim.o(i.TIM_OC1FastConfig), (18 bytes).
    Removing stm32f10x_tim.o(i.TIM_OC1Init), (152 bytes).
    Removing stm32f10x_tim.o(i.TIM_OC1NPolarityConfig), (18 bytes).
    Removing stm32f10x_tim.o(i.TIM_OC1PolarityConfig), (18 bytes).
    Removing stm32f10x_tim.o(i.TIM_OC1PreloadConfig), (18 bytes).
    Removing stm32f10x_tim.o(i.TIM_OC2FastConfig), (26 bytes).
    Removing stm32f10x_tim.o(i.TIM_OC2Init), (164 bytes).
    Removing stm32f10x_tim.o(i.TIM_OC2NPolarityConfig), (26 bytes).
    Removing stm32f10x_tim.o(i.TIM_OC2PolarityConfig), (26 bytes).
    Removing stm32f10x_tim.o(i.TIM_OC2PreloadConfig), (26 bytes).
    Removing stm32f10x_tim.o(i.TIM_OC3FastConfig), (18 bytes).
    Removing stm32f10x_tim.o(i.TIM_OC3Init), (160 bytes).
    Removing stm32f10x_tim.o(i.TIM_OC3NPolarityConfig), (26 bytes).
    Removing stm32f10x_tim.o(i.TIM_OC3PolarityConfig), (26 bytes).
    Removing stm32f10x_tim.o(i.TIM_OC3PreloadConfig), (18 bytes).
    Removing stm32f10x_tim.o(i.TIM_OC4FastConfig), (26 bytes).
    Removing stm32f10x_tim.o(i.TIM_OC4Init), (124 bytes).
    Removing stm32f10x_tim.o(i.TIM_OC4PolarityConfig), (26 bytes).
    Removing stm32f10x_tim.o(i.TIM_OC4PreloadConfig), (26 bytes).
    Removing stm32f10x_tim.o(i.TIM_OCStructInit), (20 bytes).
    Removing stm32f10x_tim.o(i.TIM_PWMIConfig), (124 bytes).
    Removing stm32f10x_tim.o(i.TIM_PrescalerConfig), (6 bytes).
    Removing stm32f10x_tim.o(i.TIM_SelectCCDMA), (24 bytes).
    Removing stm32f10x_tim.o(i.TIM_SelectCOM), (24 bytes).
    Removing stm32f10x_tim.o(i.TIM_SelectHallSensor), (24 bytes).
    Removing stm32f10x_tim.o(i.TIM_SelectInputTrigger), (18 bytes).
    Removing stm32f10x_tim.o(i.TIM_SelectMasterSlaveMode), (18 bytes).
    Removing stm32f10x_tim.o(i.TIM_SelectOCxM), (82 bytes).
    Removing stm32f10x_tim.o(i.TIM_SelectOnePulseMode), (18 bytes).
    Removing stm32f10x_tim.o(i.TIM_SelectOutputTrigger), (18 bytes).
    Removing stm32f10x_tim.o(i.TIM_SelectSlaveMode), (18 bytes).
    Removing stm32f10x_tim.o(i.TIM_SetAutoreload), (4 bytes).
    Removing stm32f10x_tim.o(i.TIM_SetClockDivision), (18 bytes).
    Removing stm32f10x_tim.o(i.TIM_SetCompare1), (4 bytes).
    Removing stm32f10x_tim.o(i.TIM_SetCompare2), (4 bytes).
    Removing stm32f10x_tim.o(i.TIM_SetCompare3), (4 bytes).
    Removing stm32f10x_tim.o(i.TIM_SetCompare4), (6 bytes).
    Removing stm32f10x_tim.o(i.TIM_SetCounter), (4 bytes).
    Removing stm32f10x_tim.o(i.TIM_SetIC1Prescaler), (18 bytes).
    Removing stm32f10x_tim.o(i.TIM_SetIC2Prescaler), (26 bytes).
    Removing stm32f10x_tim.o(i.TIM_SetIC3Prescaler), (18 bytes).
    Removing stm32f10x_tim.o(i.TIM_SetIC4Prescaler), (26 bytes).
    Removing stm32f10x_tim.o(i.TIM_TIxExternalClockConfig), (62 bytes).
    Removing stm32f10x_tim.o(i.TIM_TimeBaseInit), (164 bytes).
    Removing stm32f10x_tim.o(i.TIM_TimeBaseStructInit), (18 bytes).
    Removing stm32f10x_tim.o(i.TIM_UpdateDisableConfig), (24 bytes).
    Removing stm32f10x_tim.o(i.TIM_UpdateRequestConfig), (24 bytes).
    Removing stm32f10x_usart.o(i.USART_ClearFlag), (18 bytes).
    Removing stm32f10x_usart.o(i.USART_ClockInit), (34 bytes).
    Removing stm32f10x_usart.o(i.USART_ClockStructInit), (12 bytes).
    Removing stm32f10x_usart.o(i.USART_Cmd), (24 bytes).
    Removing stm32f10x_usart.o(i.USART_DMACmd), (18 bytes).
    Removing stm32f10x_usart.o(i.USART_DeInit), (156 bytes).
    Removing stm32f10x_usart.o(i.USART_GetFlagStatus), (26 bytes).
    Removing stm32f10x_usart.o(i.USART_HalfDuplexCmd), (24 bytes).
    Removing stm32f10x_usart.o(i.USART_ITConfig), (74 bytes).
    Removing stm32f10x_usart.o(i.USART_Init), (216 bytes).
    Removing stm32f10x_usart.o(i.USART_IrDACmd), (24 bytes).
    Removing stm32f10x_usart.o(i.USART_IrDAConfig), (18 bytes).
    Removing stm32f10x_usart.o(i.USART_LINBreakDetectLengthConfig), (18 bytes).
    Removing stm32f10x_usart.o(i.USART_LINCmd), (24 bytes).
    Removing stm32f10x_usart.o(i.USART_OneBitMethodCmd), (24 bytes).
    Removing stm32f10x_usart.o(i.USART_OverSampling8Cmd), (22 bytes).
    Removing stm32f10x_usart.o(i.USART_ReceiverWakeUpCmd), (24 bytes).
    Removing stm32f10x_usart.o(i.USART_SendBreak), (10 bytes).
    Removing stm32f10x_usart.o(i.USART_SendData), (8 bytes).
    Removing stm32f10x_usart.o(i.USART_SetAddress), (18 bytes).
    Removing stm32f10x_usart.o(i.USART_SetGuardTime), (16 bytes).
    Removing stm32f10x_usart.o(i.USART_SetPrescaler), (16 bytes).
    Removing stm32f10x_usart.o(i.USART_SmartCardCmd), (24 bytes).
    Removing stm32f10x_usart.o(i.USART_SmartCardNACKCmd), (24 bytes).
    Removing stm32f10x_usart.o(i.USART_StructInit), (24 bytes).
    Removing stm32f10x_usart.o(i.USART_WakeUpConfig), (18 bytes).
    Removing stm32f10x_wwdg.o(i.WWDG_ClearFlag), (12 bytes).
    Removing stm32f10x_wwdg.o(i.WWDG_DeInit), (22 bytes).
    Removing stm32f10x_wwdg.o(i.WWDG_Enable), (16 bytes).
    Removing stm32f10x_wwdg.o(i.WWDG_EnableIT), (12 bytes).
    Removing stm32f10x_wwdg.o(i.WWDG_GetFlagStatus), (12 bytes).
    Removing stm32f10x_wwdg.o(i.WWDG_SetCounter), (16 bytes).
    Removing stm32f10x_wwdg.o(i.WWDG_SetPrescaler), (24 bytes).
    Removing stm32f10x_wwdg.o(i.WWDG_SetWindowValue), (40 bytes).
    Removing delay.o(i.Delay_ms), (24 bytes).
    Removing delay.o(i.Delay_s), (24 bytes).
    Removing delay.o(i.Delay_us), (46 bytes).
    Removing timer.o(i.Timer1_Init), (108 bytes).
    Removing timer.o(i.Timer2_Init), (126 bytes).
    Removing timer.o(i.Timer3_Init), (124 bytes).
    Removing oled.o(i.OLED_Pow), (20 bytes).
    Removing oled.o(i.OLED_ReverseArea), (100 bytes).
    Removing oled.o(i.OLED_ReverseLine), (70 bytes).
    Removing oled.o(i.OLED_ShowBinNum), (62 bytes).
    Removing oled.o(i.OLED_ShowBinNum_Reverse), (62 bytes).
    Removing oled.o(i.OLED_ShowChar), (116 bytes).
    Removing oled.o(i.OLED_ShowChar_Reverse), (124 bytes).
    Removing oled.o(i.OLED_ShowCharacter), (108 bytes).
    Removing oled.o(i.OLED_ShowCharacter_Reverse), (116 bytes).
    Removing oled.o(i.OLED_ShowHexNum), (84 bytes).
    Removing oled.o(i.OLED_ShowHexNum_Reverse), (84 bytes).
    Removing oled.o(i.OLED_ShowNum), (68 bytes).
    Removing oled.o(i.OLED_ShowNum_Reverse), (68 bytes).
    Removing oled.o(i.OLED_ShowSignedNum), (102 bytes).
    Removing oled.o(i.OLED_ShowSignedNum_Reverse), (102 bytes).
    Removing oled.o(i.OLED_ShowString), (40 bytes).
    Removing oled.o(i.OLED_ShowString_Reverse), (40 bytes).
    Removing serial.o(i.Serial_Init), (184 bytes).
    Removing serial.o(i.Serial_Pow), (20 bytes).
    Removing serial.o(i.Serial_Printf), (36 bytes).
    Removing serial.o(i.Serial_SendArray), (26 bytes).
    Removing serial.o(i.Serial_SendByte), (32 bytes).
    Removing serial.o(i.Serial_SendNumber), (58 bytes).
    Removing serial.o(i.Serial_SendString), (26 bytes).
    Removing serial.o(i.fputc), (16 bytes).
    Removing key.o(i.Key_GetNum), (110 bytes).
    Removing key.o(i.Key_GetPress), (32 bytes).
    Removing dadd.o(.text), (334 bytes).
    Removing dmul.o(.text), (228 bytes).
    Removing ddiv.o(.text), (222 bytes).
    Removing dfixul.o(.text), (48 bytes).
    Removing cdrcmple.o(.text), (48 bytes).
    Removing depilogue.o(.text), (186 bytes).

503 unused section(s) (total 22612 bytes) removed from the image.

==============================================================================

Image Symbol Table

    Local Symbols

    Symbol Name                              Value     Ov Type        Size  Object(Section)

    ../clib/microlib/division.c              0x00000000   Number         0  uldiv.o ABSOLUTE
    ../clib/microlib/division.c              0x00000000   Number         0  uidiv.o ABSOLUTE
    ../clib/microlib/init/entry.s            0x00000000   Number         0  entry9a.o ABSOLUTE
    ../clib/microlib/init/entry.s            0x00000000   Number         0  entry7b.o ABSOLUTE
    ../clib/microlib/init/entry.s            0x00000000   Number         0  entry2.o ABSOLUTE
    ../clib/microlib/init/entry.s            0x00000000   Number         0  entry8a.o ABSOLUTE
    ../clib/microlib/init/entry.s            0x00000000   Number         0  entry11a.o ABSOLUTE
    ../clib/microlib/init/entry.s            0x00000000   Number         0  entry.o ABSOLUTE
    ../clib/microlib/init/entry.s            0x00000000   Number         0  entry5.o ABSOLUTE
    ../clib/microlib/init/entry.s            0x00000000   Number         0  entry8b.o ABSOLUTE
    ../clib/microlib/init/entry.s            0x00000000   Number         0  entry7a.o ABSOLUTE
    ../clib/microlib/init/entry.s            0x00000000   Number         0  entry9b.o ABSOLUTE
    ../clib/microlib/init/entry.s            0x00000000   Number         0  entry10a.o ABSOLUTE
    ../clib/microlib/init/entry.s            0x00000000   Number         0  entry10b.o ABSOLUTE
    ../clib/microlib/init/entry.s            0x00000000   Number         0  entry12a.o ABSOLUTE
    ../clib/microlib/init/entry.s            0x00000000   Number         0  entry11b.o ABSOLUTE
    ../clib/microlib/init/entry.s            0x00000000   Number         0  entry12b.o ABSOLUTE
    ../clib/microlib/longlong.c              0x00000000   Number         0  llshl.o ABSOLUTE
    ../clib/microlib/longlong.c              0x00000000   Number         0  llushr.o ABSOLUTE
    ../clib/microlib/longlong.c              0x00000000   Number         0  llsshr.o ABSOLUTE
    ../clib/microlib/printf/printf.c         0x00000000   Number         0  printfa.o ABSOLUTE
    ../clib/microlib/stdio/streams.c         0x00000000   Number         0  stdout.o ABSOLUTE
    ../clib/microlib/stubs.s                 0x00000000   Number         0  iusefp.o ABSOLUTE
    ../fplib/microlib/fpadd.c                0x00000000   Number         0  dadd.o ABSOLUTE
    ../fplib/microlib/fpdiv.c                0x00000000   Number         0  ddiv.o ABSOLUTE
    ../fplib/microlib/fpepilogue.c           0x00000000   Number         0  depilogue.o ABSOLUTE
    ../fplib/microlib/fpfix.c                0x00000000   Number         0  dfixul.o ABSOLUTE
    ../fplib/microlib/fpmul.c                0x00000000   Number         0  dmul.o ABSOLUTE
    Hardware\Key.c                           0x00000000   Number         0  key.o ABSOLUTE
    Hardware\OLED.c                          0x00000000   Number         0  oled.o ABSOLUTE
    Hardware\Serial.c                        0x00000000   Number         0  serial.o ABSOLUTE
    Hardware\game.c                          0x00000000   Number         0  game.o ABSOLUTE
    Hardware\gomoku.c                        0x00000000   Number         0  gomoku.o ABSOLUTE
    Hardware\maze.c                          0x00000000   Number         0  maze.o ABSOLUTE
    Hardware\plane.c                         0x00000000   Number         0  plane.o ABSOLUTE
    Hardware\tetris.c                        0x00000000   Number         0  tetris.o ABSOLUTE
    Library\misc.c                           0x00000000   Number         0  misc.o ABSOLUTE
    Library\stm32f10x_adc.c                  0x00000000   Number         0  stm32f10x_adc.o ABSOLUTE
    Library\stm32f10x_bkp.c                  0x00000000   Number         0  stm32f10x_bkp.o ABSOLUTE
    Library\stm32f10x_can.c                  0x00000000   Number         0  stm32f10x_can.o ABSOLUTE
    Library\stm32f10x_cec.c                  0x00000000   Number         0  stm32f10x_cec.o ABSOLUTE
    Library\stm32f10x_crc.c                  0x00000000   Number         0  stm32f10x_crc.o ABSOLUTE
    Library\stm32f10x_dac.c                  0x00000000   Number         0  stm32f10x_dac.o ABSOLUTE
    Library\stm32f10x_dbgmcu.c               0x00000000   Number         0  stm32f10x_dbgmcu.o ABSOLUTE
    Library\stm32f10x_dma.c                  0x00000000   Number         0  stm32f10x_dma.o ABSOLUTE
    Library\stm32f10x_exti.c                 0x00000000   Number         0  stm32f10x_exti.o ABSOLUTE
    Library\stm32f10x_flash.c                0x00000000   Number         0  stm32f10x_flash.o ABSOLUTE
    Library\stm32f10x_fsmc.c                 0x00000000   Number         0  stm32f10x_fsmc.o ABSOLUTE
    Library\stm32f10x_gpio.c                 0x00000000   Number         0  stm32f10x_gpio.o ABSOLUTE
    Library\stm32f10x_i2c.c                  0x00000000   Number         0  stm32f10x_i2c.o ABSOLUTE
    Library\stm32f10x_iwdg.c                 0x00000000   Number         0  stm32f10x_iwdg.o ABSOLUTE
    Library\stm32f10x_pwr.c                  0x00000000   Number         0  stm32f10x_pwr.o ABSOLUTE
    Library\stm32f10x_rcc.c                  0x00000000   Number         0  stm32f10x_rcc.o ABSOLUTE
    Library\stm32f10x_rtc.c                  0x00000000   Number         0  stm32f10x_rtc.o ABSOLUTE
    Library\stm32f10x_sdio.c                 0x00000000   Number         0  stm32f10x_sdio.o ABSOLUTE
    Library\stm32f10x_spi.c                  0x00000000   Number         0  stm32f10x_spi.o ABSOLUTE
    Library\stm32f10x_tim.c                  0x00000000   Number         0  stm32f10x_tim.o ABSOLUTE
    Library\stm32f10x_usart.c                0x00000000   Number         0  stm32f10x_usart.o ABSOLUTE
    Library\stm32f10x_wwdg.c                 0x00000000   Number         0  stm32f10x_wwdg.o ABSOLUTE
    Start\\core_cm3.c                        0x00000000   Number         0  core_cm3.o ABSOLUTE
    Start\core_cm3.c                         0x00000000   Number         0  core_cm3.o ABSOLUTE
    Start\startup_stm32f10x_md.s             0x00000000   Number         0  startup_stm32f10x_md.o ABSOLUTE
    Start\system_stm32f10x.c                 0x00000000   Number         0  system_stm32f10x.o ABSOLUTE
    System\Delay.c                           0x00000000   Number         0  delay.o ABSOLUTE
    System\Timer.c                           0x00000000   Number         0  timer.o ABSOLUTE
    User\main.c                              0x00000000   Number         0  main.o ABSOLUTE
    User\stm32f10x_it.c                      0x00000000   Number         0  stm32f10x_it.o ABSOLUTE
    cdrcmple.s                               0x00000000   Number         0  cdrcmple.o ABSOLUTE
    dc.s                                     0x00000000   Number         0  dc.o ABSOLUTE
    handlers.s                               0x00000000   Number         0  handlers.o ABSOLUTE
    init.s                                   0x00000000   Number         0  init.o ABSOLUTE
    RESET                                    0x08000000   Section      236  startup_stm32f10x_md.o(RESET)
    .ARM.Collect$$$$00000000                 0x080000ec   Section        0  entry.o(.ARM.Collect$$$$00000000)
    .ARM.Collect$$$$00000001                 0x080000ec   Section        4  entry2.o(.ARM.Collect$$$$00000001)
    .ARM.Collect$$$$00000004                 0x080000f0   Section        4  entry5.o(.ARM.Collect$$$$00000004)
    .ARM.Collect$$$$00000008                 0x080000f4   Section        0  entry7b.o(.ARM.Collect$$$$00000008)
    .ARM.Collect$$$$0000000A                 0x080000f4   Section        0  entry8b.o(.ARM.Collect$$$$0000000A)
    .ARM.Collect$$$$0000000B                 0x080000f4   Section        8  entry9a.o(.ARM.Collect$$$$0000000B)
    .ARM.Collect$$$$0000000E                 0x080000fc   Section        4  entry12b.o(.ARM.Collect$$$$0000000E)
    .ARM.Collect$$$$0000000F                 0x08000100   Section        0  entry10a.o(.ARM.Collect$$$$0000000F)
    .ARM.Collect$$$$00000011                 0x08000100   Section        0  entry11a.o(.ARM.Collect$$$$00000011)
    .ARM.Collect$$$$00002712                 0x08000100   Section        4  entry2.o(.ARM.Collect$$$$00002712)
    __lit__00000000                          0x08000100   Data           4  entry2.o(.ARM.Collect$$$$00002712)
    .text                                    0x08000104   Section       36  startup_stm32f10x_md.o(.text)
    .text                                    0x08000128   Section       36  init.o(.text)
    i.BusFault_Handler                       0x0800014c   Section        0  stm32f10x_it.o(i.BusFault_Handler)
    i.DebugMon_Handler                       0x08000150   Section        0  stm32f10x_it.o(i.DebugMon_Handler)
    i.FLASH_ErasePage                        0x08000154   Section        0  stm32f10x_flash.o(i.FLASH_ErasePage)
    i.FLASH_GetBank1Status                   0x080001a0   Section        0  stm32f10x_flash.o(i.FLASH_GetBank1Status)
    i.FLASH_Lock                             0x080001d4   Section        0  stm32f10x_flash.o(i.FLASH_Lock)
    i.FLASH_ProgramHalfWord                  0x080001e8   Section        0  stm32f10x_flash.o(i.FLASH_ProgramHalfWord)
    i.FLASH_Unlock                           0x08000228   Section        0  stm32f10x_flash.o(i.FLASH_Unlock)
    i.FLASH_WaitForLastOperation             0x08000240   Section        0  stm32f10x_flash.o(i.FLASH_WaitForLastOperation)
    i.Flash_GetHigh                          0x08000268   Section        0  game.o(i.Flash_GetHigh)
    i.Flash_Load                             0x08000284   Section        0  game.o(i.Flash_Load)
    i.Flash_SaveHigh                         0x080002b4   Section        0  game.o(i.Flash_SaveHigh)
    i.GPIO_Init                              0x080002e8   Section        0  stm32f10x_gpio.o(i.GPIO_Init)
    i.GPIO_ReadInputDataBit                  0x080003fe   Section        0  stm32f10x_gpio.o(i.GPIO_ReadInputDataBit)
    i.GPIO_WriteBit                          0x08000410   Section        0  stm32f10x_gpio.o(i.GPIO_WriteBit)
    i.Game_Enter                             0x0800041a   Section        0  game.o(i.Game_Enter)
    i.Game_Init                              0x0800042c   Section        0  game.o(i.Game_Init)
    i.Game_Loop                              0x08000440   Section        0  game.o(i.Game_Loop)
    i.Gomoku_Enter                           0x080005b8   Section        0  gomoku.o(i.Gomoku_Enter)
    i.Gomoku_Loop                            0x080005cc   Section        0  gomoku.o(i.Gomoku_Loop)
    i.HardFault_Handler                      0x080007a0   Section        0  stm32f10x_it.o(i.HardFault_Handler)
    i.Key_Init                               0x080007a4   Section        0  key.o(i.Key_Init)
    i.Key_Scan                               0x080007d0   Section        0  key.o(i.Key_Scan)
    i.Maze_Enter                             0x0800088c   Section        0  maze.o(i.Maze_Enter)
    i.Maze_Loop                              0x080008cc   Section        0  maze.o(i.Maze_Loop)
    i.MemManage_Handler                      0x08000a94   Section        0  stm32f10x_it.o(i.MemManage_Handler)
    i.NMI_Handler                            0x08000a98   Section        0  stm32f10x_it.o(i.NMI_Handler)
    i.OLED_Clear                             0x08000a9a   Section        0  oled.o(i.OLED_Clear)
    i.OLED_I2C_Init                          0x08000ac4   Section        0  oled.o(i.OLED_I2C_Init)
    i.OLED_I2C_SendByte                      0x08000b14   Section        0  oled.o(i.OLED_I2C_SendByte)
    i.OLED_I2C_Start                         0x08000b68   Section        0  oled.o(i.OLED_I2C_Start)
    i.OLED_I2C_Stop                          0x08000b9c   Section        0  oled.o(i.OLED_I2C_Stop)
    i.OLED_Init                              0x08000bc4   Section        0  oled.o(i.OLED_Init)
    i.OLED_SetCursor                         0x08000c72   Section        0  oled.o(i.OLED_SetCursor)
    i.OLED_WriteCommand                      0x08000c94   Section        0  oled.o(i.OLED_WriteCommand)
    i.OLED_WriteData                         0x08000cb4   Section        0  oled.o(i.OLED_WriteData)
    i.PendSV_Handler                         0x08000cd4   Section        0  stm32f10x_it.o(i.PendSV_Handler)
    i.Plane_Enter                            0x08000cd8   Section        0  plane.o(i.Plane_Enter)
    i.Plane_Loop                             0x08000d18   Section        0  plane.o(i.Plane_Loop)
    i.RCC_APB2PeriphClockCmd                 0x08000e4c   Section        0  stm32f10x_rcc.o(i.RCC_APB2PeriphClockCmd)
    i.SVC_Handler                            0x08000e6c   Section        0  stm32f10x_it.o(i.SVC_Handler)
    i.SetSysClock                            0x08000e6e   Section        0  system_stm32f10x.o(i.SetSysClock)
    SetSysClock                              0x08000e6f   Thumb Code     8  system_stm32f10x.o(i.SetSysClock)
    i.SetSysClockTo72                        0x08000e78   Section        0  system_stm32f10x.o(i.SetSysClockTo72)
    SetSysClockTo72                          0x08000e79   Thumb Code   214  system_stm32f10x.o(i.SetSysClockTo72)
    i.SysTick_Handler                        0x08000f58   Section        0  stm32f10x_it.o(i.SysTick_Handler)
    i.SystemInit                             0x08000f5c   Section        0  system_stm32f10x.o(i.SystemInit)
    i.Tetris_Enter                           0x08000fbc   Section        0  tetris.o(i.Tetris_Enter)
    i.Tetris_Loop                            0x08000ffc   Section        0  tetris.o(i.Tetris_Loop)
    i.USART1_IRQHandler                      0x0800132c   Section        0  serial.o(i.USART1_IRQHandler)
    i.USART_ClearITPendingBit                0x080013cc   Section        0  stm32f10x_usart.o(i.USART_ClearITPendingBit)
    i.USART_GetITStatus                      0x080013ea   Section        0  stm32f10x_usart.o(i.USART_GetITStatus)
    i.USART_ReceiveData                      0x0800143e   Section        0  stm32f10x_usart.o(i.USART_ReceiveData)
    i.UsageFault_Handler                     0x08001448   Section        0  stm32f10x_it.o(i.UsageFault_Handler)
    i.__scatterload_copy                     0x0800144c   Section       14  handlers.o(i.__scatterload_copy)
    i.__scatterload_null                     0x0800145a   Section        2  handlers.o(i.__scatterload_null)
    i.__scatterload_zeroinit                 0x0800145c   Section       14  handlers.o(i.__scatterload_zeroinit)
    i.check_win                              0x0800146c   Section        0  gomoku.o(i.check_win)
    check_win                                0x0800146d   Thumb Code   212  gomoku.o(i.check_win)
    i.clear_lines                            0x08001544   Section        0  tetris.o(i.clear_lines)
    clear_lines                              0x08001545   Thumb Code   176  tetris.o(i.clear_lines)
    i.collides                               0x08001608   Section        0  tetris.o(i.collides)
    collides                                 0x08001609   Thumb Code   120  tetris.o(i.collides)
    i.draw_black_stone                       0x08001688   Section        0  gomoku.o(i.draw_black_stone)
    draw_black_stone                         0x08001689   Thumb Code    60  gomoku.o(i.draw_black_stone)
    i.draw_board_frame                       0x080016c4   Section        0  tetris.o(i.draw_board_frame)
    draw_board_frame                         0x080016c5   Thumb Code    32  tetris.o(i.draw_board_frame)
    i.draw_cell                              0x080016e4   Section        0  tetris.o(i.draw_cell)
    draw_cell                                0x080016e5   Thumb Code    40  tetris.o(i.draw_cell)
    i.draw_gomoku_icon                       0x0800170c   Section        0  game.o(i.draw_gomoku_icon)
    draw_gomoku_icon                         0x0800170d   Thumb Code   248  game.o(i.draw_gomoku_icon)
    i.draw_maze_icon                         0x08001804   Section        0  game.o(i.draw_maze_icon)
    draw_maze_icon                           0x08001805   Thumb Code   378  game.o(i.draw_maze_icon)
    i.draw_plane_icon                        0x0800197e   Section        0  game.o(i.draw_plane_icon)
    draw_plane_icon                          0x0800197f   Thumb Code   212  game.o(i.draw_plane_icon)
    i.draw_small_cell                        0x08001a52   Section        0  tetris.o(i.draw_small_cell)
    draw_small_cell                          0x08001a53   Thumb Code    20  tetris.o(i.draw_small_cell)
    i.draw_tetris_icon                       0x08001a66   Section        0  game.o(i.draw_tetris_icon)
    draw_tetris_icon                         0x08001a67   Thumb Code   162  game.o(i.draw_tetris_icon)
    i.draw_white_stone                       0x08001b08   Section        0  gomoku.o(i.draw_white_stone)
    draw_white_stone                         0x08001b09   Thumb Code   144  gomoku.o(i.draw_white_stone)
    i.drop_interval                          0x08001b98   Section        0  tetris.o(i.drop_interval)
    drop_interval                            0x08001b99   Thumb Code    26  tetris.o(i.drop_interval)
    i.fb_clear                               0x08001bb8   Section        0  game.o(i.fb_clear)
    i.fb_clr_pixel                           0x08001be4   Section        0  game.o(i.fb_clr_pixel)
    i.fb_draw_char                           0x08001c34   Section        0  game.o(i.fb_draw_char)
    i.fb_draw_icon                           0x08001d1c   Section        0  game.o(i.fb_draw_icon)
    i.fb_draw_pause_overlay                  0x08001d60   Section        0  game.o(i.fb_draw_pause_overlay)
    i.fb_draw_pixel                          0x08001e9c   Section        0  game.o(i.fb_draw_pixel)
    i.fb_draw_rect                           0x08001eec   Section        0  game.o(i.fb_draw_rect)
    i.fb_draw_sprite                         0x08001f48   Section        0  game.o(i.fb_draw_sprite)
    i.fb_draw_string                         0x08002020   Section        0  game.o(i.fb_draw_string)
    i.fb_fill_rect                           0x08002048   Section        0  game.o(i.fb_fill_rect)
    i.fb_flush                               0x0800207c   Section        0  game.o(i.fb_flush)
    i.fb_get_height                          0x0800213c   Section        0  game.o(i.fb_get_height)
    i.fb_get_width                           0x08002148   Section        0  game.o(i.fb_get_width)
    i.fb_set_orientation                     0x08002154   Section        0  game.o(i.fb_set_orientation)
    i.fire_bullet                            0x0800219c   Section        0  plane.o(i.fire_bullet)
    fire_bullet                              0x0800219d   Thumb Code    72  plane.o(i.fire_bullet)
    i.flash_write                            0x080021ec   Section        0  game.o(i.flash_write)
    flash_write                              0x080021ed   Thumb Code    50  game.o(i.flash_write)
    i.gen_maze                               0x08002228   Section        0  maze.o(i.gen_maze)
    gen_maze                                 0x08002229   Thumb Code   448  maze.o(i.gen_maze)
    i.get_next_piece                         0x08002410   Section        0  tetris.o(i.get_next_piece)
    get_next_piece                           0x08002411   Thumb Code    32  tetris.o(i.get_next_piece)
    i.hit_test                               0x08002438   Section        0  plane.o(i.hit_test)
    hit_test                                 0x08002439   Thumb Code    44  plane.o(i.hit_test)
    i.lock_piece                             0x08002464   Section        0  tetris.o(i.lock_piece)
    lock_piece                               0x08002465   Thumb Code   106  tetris.o(i.lock_piece)
    i.main                                   0x080024e8   Section        0  main.o(i.main)
    i.my_rand                                0x08002514   Section        0  plane.o(i.my_rand)
    my_rand                                  0x08002515   Thumb Code    28  plane.o(i.my_rand)
    i.my_rand                                0x08002538   Section        0  maze.o(i.my_rand)
    my_rand                                  0x08002539   Thumb Code    28  maze.o(i.my_rand)
    i.my_rand                                0x0800255c   Section        0  tetris.o(i.my_rand)
    my_rand                                  0x0800255d   Thumb Code    28  tetris.o(i.my_rand)
    i.refill_bag                             0x08002580   Section        0  tetris.o(i.refill_bag)
    refill_bag                               0x08002581   Thumb Code    68  tetris.o(i.refill_bag)
    i.render_board_frame                     0x080025cc   Section        0  gomoku.o(i.render_board_frame)
    render_board_frame                       0x080025cd   Thumb Code   438  gomoku.o(i.render_board_frame)
    i.render_game                            0x080027e8   Section        0  tetris.o(i.render_game)
    render_game                              0x080027e9   Thumb Code   310  tetris.o(i.render_game)
    i.render_game_frame                      0x08002960   Section        0  plane.o(i.render_game_frame)
    render_game_frame                        0x08002961   Thumb Code   314  plane.o(i.render_game_frame)
    i.render_gameover                        0x08002ac4   Section        0  plane.o(i.render_gameover)
    render_gameover                          0x08002ac5   Thumb Code   302  plane.o(i.render_gameover)
    i.render_gameover                        0x08002c38   Section        0  tetris.o(i.render_gameover)
    render_gameover                          0x08002c39   Thumb Code   308  tetris.o(i.render_gameover)
    i.render_hub                             0x08002dac   Section        0  game.o(i.render_hub)
    render_hub                               0x08002dad   Thumb Code   256  game.o(i.render_hub)
    i.render_maze_frame                      0x08002ec4   Section        0  maze.o(i.render_maze_frame)
    render_maze_frame                        0x08002ec5   Thumb Code   546  maze.o(i.render_maze_frame)
    i.render_menu                            0x08003110   Section        0  plane.o(i.render_menu)
    render_menu                              0x08003111   Thumb Code    82  plane.o(i.render_menu)
    i.render_menu                            0x080031b8   Section        0  tetris.o(i.render_menu)
    render_menu                              0x080031b9   Thumb Code   148  tetris.o(i.render_menu)
    i.render_preview                         0x08003294   Section        0  tetris.o(i.render_preview)
    render_preview                           0x08003295   Thumb Code    80  tetris.o(i.render_preview)
    i.render_win                             0x080032ec   Section        0  maze.o(i.render_win)
    render_win                               0x080032ed   Thumb Code    62  maze.o(i.render_win)
    i.reset                                  0x08003370   Section        0  plane.o(i.reset)
    reset                                    0x08003371   Thumb Code   146  plane.o(i.reset)
    i.reset_board                            0x08003438   Section        0  gomoku.o(i.reset_board)
    reset_board                              0x08003439   Thumb Code    78  gomoku.o(i.reset_board)
    i.reset_game                             0x080034b0   Section        0  tetris.o(i.reset_game)
    reset_game                               0x080034b1   Thumb Code   108  tetris.o(i.reset_game)
    i.spawn_enemy                            0x0800354c   Section        0  plane.o(i.spawn_enemy)
    spawn_enemy                              0x0800354d   Thumb Code    92  plane.o(i.spawn_enemy)
    i.spawn_explosion                        0x080035ac   Section        0  plane.o(i.spawn_explosion)
    spawn_explosion                          0x080035ad   Thumb Code    64  plane.o(i.spawn_explosion)
    i.spawn_piece                            0x080035f0   Section        0  tetris.o(i.spawn_piece)
    spawn_piece                              0x080035f1   Thumb Code    70  tetris.o(i.spawn_piece)
    i.update                                 0x0800364c   Section        0  plane.o(i.update)
    update                                   0x0800364d   Thumb Code   746  plane.o(i.update)
    .constdata                               0x08003968   Section     2192  oled.o(.constdata)
    .constdata                               0x080041f8   Section       16  game.o(.constdata)
    .constdata                               0x08004208   Section       45  plane.o(.constdata)
    ship                                     0x08004208   Data           9  plane.o(.constdata)
    enemy_spr                                0x08004211   Data           8  plane.o(.constdata)
    bullet_spr                               0x08004219   Data           2  plane.o(.constdata)
    expl_spr                                 0x0800421b   Data          16  plane.o(.constdata)
    .constdata                               0x08004235   Section       16  maze.o(.constdata)
    dx                                       0x08004235   Data           4  maze.o(.constdata)
    dy                                       0x08004239   Data           4  maze.o(.constdata)
    wall_bit                                 0x0800423d   Data           4  maze.o(.constdata)
    opp_wall                                 0x08004241   Data           4  maze.o(.constdata)
    .constdata                               0x08004246   Section      122  tetris.o(.constdata)
    PIECES                                   0x08004246   Data         112  tetris.o(.constdata)
    pts                                      0x080042b6   Data          10  tetris.o(.constdata)
    .conststring                             0x080042c0   Section       31  game.o(.conststring)
    .data                                    0x20000000   Section        3  serial.o(.data)
    RxState                                  0x20000001   Data           1  serial.o(.data)
    pRxPacket                                0x20000002   Data           1  serial.o(.data)
    .data                                    0x20000003   Section        6  key.o(.data)
    db_state                                 0x20000003   Data           1  key.o(.data)
    db_ctr                                   0x20000004   Data           4  key.o(.data)
    key_prev_state                           0x20000008   Data           1  key.o(.data)
    .data                                    0x2000000c   Section       18  game.o(.data)
    fb_w                                     0x2000000c   Data           1  game.o(.data)
    fb_h                                     0x2000000d   Data           1  game.o(.data)
    fb_pages                                 0x2000000e   Data           1  game.o(.data)
    fb_orient                                0x2000000f   Data           1  game.o(.data)
    save_data                                0x20000010   Data           8  game.o(.data)
    selected                                 0x20000018   Data           1  game.o(.data)
    ws                                       0x20000019   Data           1  game.o(.data)
    in_game                                  0x2000001a   Data           1  game.o(.data)
    current_game                             0x2000001b   Data           1  game.o(.data)
    prev_keys                                0x2000001c   Data           1  game.o(.data)
    nav_cd                                   0x2000001d   Data           1  game.o(.data)
    .data                                    0x20000020   Section       16  plane.o(.data)
    state                                    0x20000020   Data           1  plane.o(.data)
    frame                                    0x20000021   Data           1  plane.o(.data)
    fire_cd                                  0x20000022   Data           1  plane.o(.data)
    player_x                                 0x20000023   Data           1  plane.o(.data)
    score                                    0x20000024   Data           2  plane.o(.data)
    high_score                               0x20000026   Data           2  plane.o(.data)
    rng                                      0x20000028   Data           4  plane.o(.data)
    pause_snapshot                           0x2000002c   Data           1  plane.o(.data)
    k4_pause_hold                            0x2000002d   Data           1  plane.o(.data)
    k4_prev_state                            0x2000002e   Data           1  plane.o(.data)
    k4_start_lock                            0x2000002f   Data           1  plane.o(.data)
    .data                                    0x20000030   Section       13  maze.o(.data)
    px                                       0x20000030   Data           1  maze.o(.data)
    py                                       0x20000031   Data           1  maze.o(.data)
    state                                    0x20000032   Data           1  maze.o(.data)
    rng                                      0x20000034   Data           4  maze.o(.data)
    pause_hold                               0x20000038   Data           1  maze.o(.data)
    pause_snapshot                           0x20000039   Data           1  maze.o(.data)
    stack_sp                                 0x2000003a   Data           2  maze.o(.data)
    prev_k                                   0x2000003c   Data           1  maze.o(.data)
    .data                                    0x2000003d   Section       10  gomoku.o(.data)
    cur_x                                    0x2000003d   Data           1  gomoku.o(.data)
    cur_y                                    0x2000003e   Data           1  gomoku.o(.data)
    turn                                     0x2000003f   Data           1  gomoku.o(.data)
    state                                    0x20000040   Data           1  gomoku.o(.data)
    winner                                   0x20000041   Data           1  gomoku.o(.data)
    k4_hold                                  0x20000042   Data           1  gomoku.o(.data)
    blink_ctr                                0x20000043   Data           1  gomoku.o(.data)
    pause_hold                               0x20000044   Data           1  gomoku.o(.data)
    pause_snapshot                           0x20000045   Data           1  gomoku.o(.data)
    prev_k                                   0x20000046   Data           1  gomoku.o(.data)
    .data                                    0x20000048   Section       33  tetris.o(.data)
    state                                    0x20000048   Data           1  tetris.o(.data)
    cur_piece                                0x20000049   Data           1  tetris.o(.data)
    cur_rot                                  0x2000004a   Data           1  tetris.o(.data)
    next_piece                               0x2000004b   Data           1  tetris.o(.data)
    cur_x                                    0x2000004c   Data           1  tetris.o(.data)
    cur_y                                    0x2000004d   Data           1  tetris.o(.data)
    score                                    0x2000004e   Data           2  tetris.o(.data)
    level                                    0x20000050   Data           1  tetris.o(.data)
    lines                                    0x20000052   Data           2  tetris.o(.data)
    rng                                      0x20000054   Data           4  tetris.o(.data)
    frame                                    0x20000058   Data           1  tetris.o(.data)
    drop_timer                               0x20000059   Data           1  tetris.o(.data)
    pixel_offset                             0x2000005a   Data           1  tetris.o(.data)
    pause_snapshot                           0x2000005b   Data           1  tetris.o(.data)
    piece_bag                                0x2000005c   Data           7  tetris.o(.data)
    bag_idx                                  0x20000063   Data           1  tetris.o(.data)
    prev_keys                                0x20000064   Data           1  tetris.o(.data)
    k4_prev                                  0x20000065   Data           1  tetris.o(.data)
    k1_hold                                  0x20000066   Data           1  tetris.o(.data)
    k2_hold                                  0x20000067   Data           1  tetris.o(.data)
    k4_p_prev                                0x20000068   Data           1  tetris.o(.data)
    .data                                    0x2000006c   Section        4  main.o(.data)
    .bss                                     0x20000070   Section      300  serial.o(.bss)
    .bss                                     0x2000019c   Section     1024  game.o(.bss)
    fb_buf                                   0x2000019c   Data        1024  game.o(.bss)
    .bss                                     0x2000059c   Section       60  plane.o(.bss)
    bullets                                  0x2000059c   Data          18  plane.o(.bss)
    enemies                                  0x200005ae   Data          30  plane.o(.bss)
    explosions                               0x200005cc   Data          12  plane.o(.bss)
    .bss                                     0x200005d8   Section      692  maze.o(.bss)
    maze                                     0x200005d8   Data         180  maze.o(.bss)
    stack_x                                  0x2000068c   Data         256  maze.o(.bss)
    stack_y                                  0x2000078c   Data         256  maze.o(.bss)
    .bss                                     0x2000088c   Section       64  gomoku.o(.bss)
    board                                    0x2000088c   Data          64  gomoku.o(.bss)
    .bss                                     0x200008cc   Section      200  tetris.o(.bss)
    board                                    0x200008cc   Data         200  tetris.o(.bss)
    STACK                                    0x20000998   Section     1024  startup_stm32f10x_md.o(STACK)

    Global Symbols

    Symbol Name                              Value     Ov Type        Size  Object(Section)

    BuildAttributes$$THM_ISAv4$P$D$K$B$S$PE$A:L22UL41UL21$X:L11$S22US41US21$IEEE1$IW$USESV6$~STKCKD$USESV7$~SHL$OSPACE$ROPI$EBA8$MICROLIB$REQ8$PRES8$EABIv2 0x00000000   Number         0  anon$$obj.o ABSOLUTE
    __ARM_use_no_argv                        0x00000000   Number         0  main.o ABSOLUTE
    __arm_fini_                               - Undefined Weak Reference
    __cpp_initialize__aeabi_                  - Undefined Weak Reference
    __cxa_finalize                            - Undefined Weak Reference
    __decompress                              - Undefined Weak Reference
    _clock_init                               - Undefined Weak Reference
    _microlib_exit                            - Undefined Weak Reference
    __Vectors_Size                           0x000000ec   Number         0  startup_stm32f10x_md.o ABSOLUTE
    __Vectors                                0x08000000   Data           4  startup_stm32f10x_md.o(RESET)
    __Vectors_End                            0x080000ec   Data           0  startup_stm32f10x_md.o(RESET)
    __main                                   0x080000ed   Thumb Code     0  entry.o(.ARM.Collect$$$$00000000)
    _main_stk                                0x080000ed   Thumb Code     0  entry2.o(.ARM.Collect$$$$00000001)
    _main_scatterload                        0x080000f1   Thumb Code     0  entry5.o(.ARM.Collect$$$$00000004)
    __main_after_scatterload                 0x080000f5   Thumb Code     0  entry5.o(.ARM.Collect$$$$00000004)
    _main_clock                              0x080000f5   Thumb Code     0  entry7b.o(.ARM.Collect$$$$00000008)
    _main_cpp_init                           0x080000f5   Thumb Code     0  entry8b.o(.ARM.Collect$$$$0000000A)
    _main_init                               0x080000f5   Thumb Code     0  entry9a.o(.ARM.Collect$$$$0000000B)
    __rt_lib_shutdown_fini                   0x080000fd   Thumb Code     0  entry12b.o(.ARM.Collect$$$$0000000E)
    __rt_final_cpp                           0x08000101   Thumb Code     0  entry10a.o(.ARM.Collect$$$$0000000F)
    __rt_final_exit                          0x08000101   Thumb Code     0  entry11a.o(.ARM.Collect$$$$00000011)
    Reset_Handler                            0x08000105   Thumb Code     8  startup_stm32f10x_md.o(.text)
    ADC1_2_IRQHandler                        0x0800011f   Thumb Code     0  startup_stm32f10x_md.o(.text)
    CAN1_RX1_IRQHandler                      0x0800011f   Thumb Code     0  startup_stm32f10x_md.o(.text)
    CAN1_SCE_IRQHandler                      0x0800011f   Thumb Code     0  startup_stm32f10x_md.o(.text)
    DMA1_Channel1_IRQHandler                 0x0800011f   Thumb Code     0  startup_stm32f10x_md.o(.text)
    DMA1_Channel2_IRQHandler                 0x0800011f   Thumb Code     0  startup_stm32f10x_md.o(.text)
    DMA1_Channel3_IRQHandler                 0x0800011f   Thumb Code     0  startup_stm32f10x_md.o(.text)
    DMA1_Channel4_IRQHandler                 0x0800011f   Thumb Code     0  startup_stm32f10x_md.o(.text)
    DMA1_Channel5_IRQHandler                 0x0800011f   Thumb Code     0  startup_stm32f10x_md.o(.text)
    DMA1_Channel6_IRQHandler                 0x0800011f   Thumb Code     0  startup_stm32f10x_md.o(.text)
    DMA1_Channel7_IRQHandler                 0x0800011f   Thumb Code     0  startup_stm32f10x_md.o(.text)
    EXTI0_IRQHandler                         0x0800011f   Thumb Code     0  startup_stm32f10x_md.o(.text)
    EXTI15_10_IRQHandler                     0x0800011f   Thumb Code     0  startup_stm32f10x_md.o(.text)
    EXTI1_IRQHandler                         0x0800011f   Thumb Code     0  startup_stm32f10x_md.o(.text)
    EXTI2_IRQHandler                         0x0800011f   Thumb Code     0  startup_stm32f10x_md.o(.text)
    EXTI3_IRQHandler                         0x0800011f   Thumb Code     0  startup_stm32f10x_md.o(.text)
    EXTI4_IRQHandler                         0x0800011f   Thumb Code     0  startup_stm32f10x_md.o(.text)
    EXTI9_5_IRQHandler                       0x0800011f   Thumb Code     0  startup_stm32f10x_md.o(.text)
    FLASH_IRQHandler                         0x0800011f   Thumb Code     0  startup_stm32f10x_md.o(.text)
    I2C1_ER_IRQHandler                       0x0800011f   Thumb Code     0  startup_stm32f10x_md.o(.text)
    I2C1_EV_IRQHandler                       0x0800011f   Thumb Code     0  startup_stm32f10x_md.o(.text)
    I2C2_ER_IRQHandler                       0x0800011f   Thumb Code     0  startup_stm32f10x_md.o(.text)
    I2C2_EV_IRQHandler                       0x0800011f   Thumb Code     0  startup_stm32f10x_md.o(.text)
    PVD_IRQHandler                           0x0800011f   Thumb Code     0  startup_stm32f10x_md.o(.text)
    RCC_IRQHandler                           0x0800011f   Thumb Code     0  startup_stm32f10x_md.o(.text)
    RTCAlarm_IRQHandler                      0x0800011f   Thumb Code     0  startup_stm32f10x_md.o(.text)
    RTC_IRQHandler                           0x0800011f   Thumb Code     0  startup_stm32f10x_md.o(.text)
    SPI1_IRQHandler                          0x0800011f   Thumb Code     0  startup_stm32f10x_md.o(.text)
    SPI2_IRQHandler                          0x0800011f   Thumb Code     0  startup_stm32f10x_md.o(.text)
    TAMPER_IRQHandler                        0x0800011f   Thumb Code     0  startup_stm32f10x_md.o(.text)
    TIM1_BRK_IRQHandler                      0x0800011f   Thumb Code     0  startup_stm32f10x_md.o(.text)
    TIM1_CC_IRQHandler                       0x0800011f   Thumb Code     0  startup_stm32f10x_md.o(.text)
    TIM1_TRG_COM_IRQHandler                  0x0800011f   Thumb Code     0  startup_stm32f10x_md.o(.text)
    TIM1_UP_IRQHandler                       0x0800011f   Thumb Code     0  startup_stm32f10x_md.o(.text)
    TIM2_IRQHandler                          0x0800011f   Thumb Code     0  startup_stm32f10x_md.o(.text)
    TIM3_IRQHandler                          0x0800011f   Thumb Code     0  startup_stm32f10x_md.o(.text)
    TIM4_IRQHandler                          0x0800011f   Thumb Code     0  startup_stm32f10x_md.o(.text)
    USART2_IRQHandler                        0x0800011f   Thumb Code     0  startup_stm32f10x_md.o(.text)
    USART3_IRQHandler                        0x0800011f   Thumb Code     0  startup_stm32f10x_md.o(.text)
    USBWakeUp_IRQHandler                     0x0800011f   Thumb Code     0  startup_stm32f10x_md.o(.text)
    USB_HP_CAN1_TX_IRQHandler                0x0800011f   Thumb Code     0  startup_stm32f10x_md.o(.text)
    USB_LP_CAN1_RX0_IRQHandler               0x0800011f   Thumb Code     0  startup_stm32f10x_md.o(.text)
    WWDG_IRQHandler                          0x0800011f   Thumb Code     0  startup_stm32f10x_md.o(.text)
    __scatterload                            0x08000129   Thumb Code    28  init.o(.text)
    __scatterload_rt2                        0x08000129   Thumb Code     0  init.o(.text)
    BusFault_Handler                         0x0800014d   Thumb Code     4  stm32f10x_it.o(i.BusFault_Handler)
    DebugMon_Handler                         0x08000151   Thumb Code     2  stm32f10x_it.o(i.DebugMon_Handler)
    FLASH_ErasePage                          0x08000155   Thumb Code    72  stm32f10x_flash.o(i.FLASH_ErasePage)
    FLASH_GetBank1Status                     0x080001a1   Thumb Code    48  stm32f10x_flash.o(i.FLASH_GetBank1Status)
    FLASH_Lock                               0x080001d5   Thumb Code    14  stm32f10x_flash.o(i.FLASH_Lock)
    FLASH_ProgramHalfWord                    0x080001e9   Thumb Code    60  stm32f10x_flash.o(i.FLASH_ProgramHalfWord)
    FLASH_Unlock                             0x08000229   Thumb Code    12  stm32f10x_flash.o(i.FLASH_Unlock)
    FLASH_WaitForLastOperation               0x08000241   Thumb Code    38  stm32f10x_flash.o(i.FLASH_WaitForLastOperation)
    Flash_GetHigh                            0x08000269   Thumb Code    24  game.o(i.Flash_GetHigh)
    Flash_Load                               0x08000285   Thumb Code    34  game.o(i.Flash_Load)
    Flash_SaveHigh                           0x080002b5   Thumb Code    46  game.o(i.Flash_SaveHigh)
    GPIO_Init                                0x080002e9   Thumb Code   278  stm32f10x_gpio.o(i.GPIO_Init)
    GPIO_ReadInputDataBit                    0x080003ff   Thumb Code    18  stm32f10x_gpio.o(i.GPIO_ReadInputDataBit)
    GPIO_WriteBit                            0x08000411   Thumb Code    10  stm32f10x_gpio.o(i.GPIO_WriteBit)
    Game_Enter                               0x0800041b   Thumb Code    18  game.o(i.Game_Enter)
    Game_Init                                0x0800042d   Thumb Code    18  game.o(i.Game_Init)
    Game_Loop                                0x08000441   Thumb Code   352  game.o(i.Game_Loop)
    Gomoku_Enter                             0x080005b9   Thumb Code    20  gomoku.o(i.Gomoku_Enter)
    Gomoku_Loop                              0x080005cd   Thumb Code   426  gomoku.o(i.Gomoku_Loop)
    HardFault_Handler                        0x080007a1   Thumb Code     4  stm32f10x_it.o(i.HardFault_Handler)
    Key_Init                                 0x080007a5   Thumb Code    40  key.o(i.Key_Init)
    Key_Scan                                 0x080007d1   Thumb Code   174  key.o(i.Key_Scan)
    Maze_Enter                               0x0800088d   Thumb Code    42  maze.o(i.Maze_Enter)
    Maze_Loop                                0x080008cd   Thumb Code   426  maze.o(i.Maze_Loop)
    MemManage_Handler                        0x08000a95   Thumb Code     4  stm32f10x_it.o(i.MemManage_Handler)
    NMI_Handler                              0x08000a99   Thumb Code     2  stm32f10x_it.o(i.NMI_Handler)
    OLED_Clear                               0x08000a9b   Thumb Code    42  oled.o(i.OLED_Clear)
    OLED_I2C_Init                            0x08000ac5   Thumb Code    76  oled.o(i.OLED_I2C_Init)
    OLED_I2C_SendByte                        0x08000b15   Thumb Code    80  oled.o(i.OLED_I2C_SendByte)
    OLED_I2C_Start                           0x08000b69   Thumb Code    48  oled.o(i.OLED_I2C_Start)
    OLED_I2C_Stop                            0x08000b9d   Thumb Code    36  oled.o(i.OLED_I2C_Stop)
    OLED_Init                                0x08000bc5   Thumb Code   174  oled.o(i.OLED_Init)
    OLED_SetCursor                           0x08000c73   Thumb Code    34  oled.o(i.OLED_SetCursor)
    OLED_WriteCommand                        0x08000c95   Thumb Code    32  oled.o(i.OLED_WriteCommand)
    OLED_WriteData                           0x08000cb5   Thumb Code    32  oled.o(i.OLED_WriteData)
    PendSV_Handler                           0x08000cd5   Thumb Code     2  stm32f10x_it.o(i.PendSV_Handler)
    Plane_Enter                              0x08000cd9   Thumb Code    44  plane.o(i.Plane_Enter)
    Plane_Loop                               0x08000d19   Thumb Code   286  plane.o(i.Plane_Loop)
    RCC_APB2PeriphClockCmd                   0x08000e4d   Thumb Code    26  stm32f10x_rcc.o(i.RCC_APB2PeriphClockCmd)
    SVC_Handler                              0x08000e6d   Thumb Code     2  stm32f10x_it.o(i.SVC_Handler)
    SysTick_Handler                          0x08000f59   Thumb Code     2  stm32f10x_it.o(i.SysTick_Handler)
    SystemInit                               0x08000f5d   Thumb Code    78  system_stm32f10x.o(i.SystemInit)
    Tetris_Enter                             0x08000fbd   Thumb Code    44  tetris.o(i.Tetris_Enter)
    Tetris_Loop                              0x08000ffd   Thumb Code   756  tetris.o(i.Tetris_Loop)
    USART1_IRQHandler                        0x0800132d   Thumb Code   140  serial.o(i.USART1_IRQHandler)
    USART_ClearITPendingBit                  0x080013cd   Thumb Code    30  stm32f10x_usart.o(i.USART_ClearITPendingBit)
    USART_GetITStatus                        0x080013eb   Thumb Code    84  stm32f10x_usart.o(i.USART_GetITStatus)
    USART_ReceiveData                        0x0800143f   Thumb Code    10  stm32f10x_usart.o(i.USART_ReceiveData)
    UsageFault_Handler                       0x08001449   Thumb Code     4  stm32f10x_it.o(i.UsageFault_Handler)
    __scatterload_copy                       0x0800144d   Thumb Code    14  handlers.o(i.__scatterload_copy)
    __scatterload_null                       0x0800145b   Thumb Code     2  handlers.o(i.__scatterload_null)
    __scatterload_zeroinit                   0x0800145d   Thumb Code    14  handlers.o(i.__scatterload_zeroinit)
    fb_clear                                 0x08001bb9   Thumb Code    30  game.o(i.fb_clear)
    fb_clr_pixel                             0x08001be5   Thumb Code    62  game.o(i.fb_clr_pixel)
    fb_draw_char                             0x08001c35   Thumb Code   214  game.o(i.fb_draw_char)
    fb_draw_icon                             0x08001d1d   Thumb Code    68  game.o(i.fb_draw_icon)
    fb_draw_pause_overlay                    0x08001d61   Thumb Code   292  game.o(i.fb_draw_pause_overlay)
    fb_draw_pixel                            0x08001e9d   Thumb Code    64  game.o(i.fb_draw_pixel)
    fb_draw_rect                             0x08001eed   Thumb Code    90  game.o(i.fb_draw_rect)
    fb_draw_sprite                           0x08001f49   Thumb Code   202  game.o(i.fb_draw_sprite)
    fb_draw_string                           0x08002021   Thumb Code    40  game.o(i.fb_draw_string)
    fb_fill_rect                             0x08002049   Thumb Code    52  game.o(i.fb_fill_rect)
    fb_flush                                 0x0800207d   Thumb Code   176  game.o(i.fb_flush)
    fb_get_height                            0x0800213d   Thumb Code     6  game.o(i.fb_get_height)
    fb_get_width                             0x08002149   Thumb Code     6  game.o(i.fb_get_width)
    fb_set_orientation                       0x08002155   Thumb Code    54  game.o(i.fb_set_orientation)
    main                                     0x080024e9   Thumb Code    38  main.o(i.main)
    OLED_Character                           0x08003968   Data         672  oled.o(.constdata)
    OLED_F8x16                               0x08003c08   Data        1520  oled.o(.constdata)
    Region$$Table$$Base                      0x080042e0   Number         0  anon$$obj.o(Region$$Table)
    Region$$Table$$Limit                     0x08004300   Number         0  anon$$obj.o(Region$$Table)
    Serial_RxFlag                            0x20000000   Data           1  serial.o(.data)
    g_tick                                   0x2000006c   Data           4  main.o(.data)
    Serial_RxPacket                          0x20000070   Data         300  serial.o(.bss)
    __initial_sp                             0x20000d98   Data           0  startup_stm32f10x_md.o(STACK)



==============================================================================

Memory Map of the image

  Image Entry point : 0x080000ed

  Load Region LR_IROM1 (Base: 0x08000000, Size: 0x00004370, Max: 0x00010000, ABSOLUTE)

    Execution Region ER_IROM1 (Exec base: 0x08000000, Load base: 0x08000000, Size: 0x00004300, Max: 0x00010000, ABSOLUTE)

    Exec Addr    Load Addr    Size         Type   Attr      Idx    E Section Name        Object

    0x08000000   0x08000000   0x000000ec   Data   RO            3    RESET               startup_stm32f10x_md.o
    0x080000ec   0x080000ec   0x00000000   Code   RO         4051  * .ARM.Collect$$$$00000000  mc_w.l(entry.o)
    0x080000ec   0x080000ec   0x00000004   Code   RO         4082    .ARM.Collect$$$$00000001  mc_w.l(entry2.o)
    0x080000f0   0x080000f0   0x00000004   Code   RO         4085    .ARM.Collect$$$$00000004  mc_w.l(entry5.o)
    0x080000f4   0x080000f4   0x00000000   Code   RO         4087    .ARM.Collect$$$$00000008  mc_w.l(entry7b.o)
    0x080000f4   0x080000f4   0x00000000   Code   RO         4089    .ARM.Collect$$$$0000000A  mc_w.l(entry8b.o)
    0x080000f4   0x080000f4   0x00000008   Code   RO         4090    .ARM.Collect$$$$0000000B  mc_w.l(entry9a.o)
    0x080000fc   0x080000fc   0x00000004   Code   RO         4097    .ARM.Collect$$$$0000000E  mc_w.l(entry12b.o)
    0x08000100   0x08000100   0x00000000   Code   RO         4092    .ARM.Collect$$$$0000000F  mc_w.l(entry10a.o)
    0x08000100   0x08000100   0x00000000   Code   RO         4094    .ARM.Collect$$$$00000011  mc_w.l(entry11a.o)
    0x08000100   0x08000100   0x00000004   Code   RO         4083    .ARM.Collect$$$$00002712  mc_w.l(entry2.o)
    0x08000104   0x08000104   0x00000024   Code   RO            4    .text               startup_stm32f10x_md.o
    0x08000128   0x08000128   0x00000024   Code   RO         4114    .text               mc_w.l(init.o)
    0x0800014c   0x0800014c   0x00000004   Code   RO         3988    i.BusFault_Handler  stm32f10x_it.o
    0x08000150   0x08000150   0x00000002   Code   RO         3989    i.DebugMon_Handler  stm32f10x_it.o
    0x08000152   0x08000152   0x00000002   PAD
    0x08000154   0x08000154   0x0000004c   Code   RO         1046    i.FLASH_ErasePage   stm32f10x_flash.o
    0x080001a0   0x080001a0   0x00000034   Code   RO         1047    i.FLASH_GetBank1Status  stm32f10x_flash.o
    0x080001d4   0x080001d4   0x00000014   Code   RO         1056    i.FLASH_Lock        stm32f10x_flash.o
    0x080001e8   0x080001e8   0x00000040   Code   RO         1059    i.FLASH_ProgramHalfWord  stm32f10x_flash.o
    0x08000228   0x08000228   0x00000018   Code   RO         1064    i.FLASH_Unlock      stm32f10x_flash.o
    0x08000240   0x08000240   0x00000026   Code   RO         1068    i.FLASH_WaitForLastOperation  stm32f10x_flash.o
    0x08000266   0x08000266   0x00000002   PAD
    0x08000268   0x08000268   0x0000001c   Code   RO         3518    i.Flash_GetHigh     game.o
    0x08000284   0x08000284   0x00000030   Code   RO         3519    i.Flash_Load        game.o
    0x080002b4   0x080002b4   0x00000034   Code   RO         3520    i.Flash_SaveHigh    game.o
    0x080002e8   0x080002e8   0x00000116   Code   RO         1347    i.GPIO_Init         stm32f10x_gpio.o
    0x080003fe   0x080003fe   0x00000012   Code   RO         1351    i.GPIO_ReadInputDataBit  stm32f10x_gpio.o
    0x08000410   0x08000410   0x0000000a   Code   RO         1358    i.GPIO_WriteBit     stm32f10x_gpio.o
    0x0800041a   0x0800041a   0x00000012   Code   RO         3521    i.Game_Enter        game.o
    0x0800042c   0x0800042c   0x00000012   Code   RO         3522    i.Game_Init         game.o
    0x0800043e   0x0800043e   0x00000002   PAD
    0x08000440   0x08000440   0x00000178   Code   RO         3523    i.Game_Loop         game.o
    0x080005b8   0x080005b8   0x00000014   Code   RO         3807    i.Gomoku_Enter      gomoku.o
    0x080005cc   0x080005cc   0x000001d4   Code   RO         3808    i.Gomoku_Loop       gomoku.o
    0x080007a0   0x080007a0   0x00000004   Code   RO         3990    i.HardFault_Handler  stm32f10x_it.o
    0x080007a4   0x080007a4   0x0000002c   Code   RO         3485    i.Key_Init          key.o
    0x080007d0   0x080007d0   0x000000bc   Code   RO         3486    i.Key_Scan          key.o
    0x0800088c   0x0800088c   0x00000040   Code   RO         3762    i.Maze_Enter        maze.o
    0x080008cc   0x080008cc   0x000001c8   Code   RO         3763    i.Maze_Loop         maze.o
    0x08000a94   0x08000a94   0x00000004   Code   RO         3991    i.MemManage_Handler  stm32f10x_it.o
    0x08000a98   0x08000a98   0x00000002   Code   RO         3992    i.NMI_Handler       stm32f10x_it.o
    0x08000a9a   0x08000a9a   0x0000002a   Code   RO         3244    i.OLED_Clear        oled.o
    0x08000ac4   0x08000ac4   0x00000050   Code   RO         3245    i.OLED_I2C_Init     oled.o
    0x08000b14   0x08000b14   0x00000054   Code   RO         3246    i.OLED_I2C_SendByte  oled.o
    0x08000b68   0x08000b68   0x00000034   Code   RO         3247    i.OLED_I2C_Start    oled.o
    0x08000b9c   0x08000b9c   0x00000028   Code   RO         3248    i.OLED_I2C_Stop     oled.o
    0x08000bc4   0x08000bc4   0x000000ae   Code   RO         3249    i.OLED_Init         oled.o
    0x08000c72   0x08000c72   0x00000022   Code   RO         3253    i.OLED_SetCursor    oled.o
    0x08000c94   0x08000c94   0x00000020   Code   RO         3268    i.OLED_WriteCommand  oled.o
    0x08000cb4   0x08000cb4   0x00000020   Code   RO         3269    i.OLED_WriteData    oled.o
    0x08000cd4   0x08000cd4   0x00000002   Code   RO         3993    i.PendSV_Handler    stm32f10x_it.o
    0x08000cd6   0x08000cd6   0x00000002   PAD
    0x08000cd8   0x08000cd8   0x00000040   Code   RO         3687    i.Plane_Enter       plane.o
    0x08000d18   0x08000d18   0x00000134   Code   RO         3688    i.Plane_Loop        plane.o
    0x08000e4c   0x08000e4c   0x00000020   Code   RO         1777    i.RCC_APB2PeriphClockCmd  stm32f10x_rcc.o
    0x08000e6c   0x08000e6c   0x00000002   Code   RO         3994    i.SVC_Handler       stm32f10x_it.o
    0x08000e6e   0x08000e6e   0x00000008   Code   RO           24    i.SetSysClock       system_stm32f10x.o
    0x08000e76   0x08000e76   0x00000002   PAD
    0x08000e78   0x08000e78   0x000000e0   Code   RO           25    i.SetSysClockTo72   system_stm32f10x.o
    0x08000f58   0x08000f58   0x00000002   Code   RO         3995    i.SysTick_Handler   stm32f10x_it.o
    0x08000f5a   0x08000f5a   0x00000002   PAD
    0x08000f5c   0x08000f5c   0x00000060   Code   RO           27    i.SystemInit        system_stm32f10x.o
    0x08000fbc   0x08000fbc   0x00000040   Code   RO         3856    i.Tetris_Enter      tetris.o
    0x08000ffc   0x08000ffc   0x00000330   Code   RO         3857    i.Tetris_Loop       tetris.o
    0x0800132c   0x0800132c   0x000000a0   Code   RO         3419    i.USART1_IRQHandler  serial.o
    0x080013cc   0x080013cc   0x0000001e   Code   RO         2957    i.USART_ClearITPendingBit  stm32f10x_usart.o
    0x080013ea   0x080013ea   0x00000054   Code   RO         2964    i.USART_GetITStatus  stm32f10x_usart.o
    0x0800143e   0x0800143e   0x0000000a   Code   RO         2974    i.USART_ReceiveData  stm32f10x_usart.o
    0x08001448   0x08001448   0x00000004   Code   RO         3996    i.UsageFault_Handler  stm32f10x_it.o
    0x0800144c   0x0800144c   0x0000000e   Code   RO         4126    i.__scatterload_copy  mc_w.l(handlers.o)
    0x0800145a   0x0800145a   0x00000002   Code   RO         4127    i.__scatterload_null  mc_w.l(handlers.o)
    0x0800145c   0x0800145c   0x0000000e   Code   RO         4128    i.__scatterload_zeroinit  mc_w.l(handlers.o)
    0x0800146a   0x0800146a   0x00000002   PAD
    0x0800146c   0x0800146c   0x000000d8   Code   RO         3809    i.check_win         gomoku.o
    0x08001544   0x08001544   0x000000c4   Code   RO         3858    i.clear_lines       tetris.o
    0x08001608   0x08001608   0x00000080   Code   RO         3859    i.collides          tetris.o
    0x08001688   0x08001688   0x0000003c   Code   RO         3810    i.draw_black_stone  gomoku.o
    0x080016c4   0x080016c4   0x00000020   Code   RO         3860    i.draw_board_frame  tetris.o
    0x080016e4   0x080016e4   0x00000028   Code   RO         3861    i.draw_cell         tetris.o
    0x0800170c   0x0800170c   0x000000f8   Code   RO         3524    i.draw_gomoku_icon  game.o
    0x08001804   0x08001804   0x0000017a   Code   RO         3525    i.draw_maze_icon    game.o
    0x0800197e   0x0800197e   0x000000d4   Code   RO         3526    i.draw_plane_icon   game.o
    0x08001a52   0x08001a52   0x00000014   Code   RO         3862    i.draw_small_cell   tetris.o
    0x08001a66   0x08001a66   0x000000a2   Code   RO         3527    i.draw_tetris_icon  game.o
    0x08001b08   0x08001b08   0x00000090   Code   RO         3811    i.draw_white_stone  gomoku.o
    0x08001b98   0x08001b98   0x00000020   Code   RO         3863    i.drop_interval     tetris.o
    0x08001bb8   0x08001bb8   0x0000002c   Code   RO         3528    i.fb_clear          game.o
    0x08001be4   0x08001be4   0x00000050   Code   RO         3529    i.fb_clr_pixel      game.o
    0x08001c34   0x08001c34   0x000000e8   Code   RO         3530    i.fb_draw_char      game.o
    0x08001d1c   0x08001d1c   0x00000044   Code   RO         3531    i.fb_draw_icon      game.o
    0x08001d60   0x08001d60   0x0000013c   Code   RO         3532    i.fb_draw_pause_overlay  game.o
    0x08001e9c   0x08001e9c   0x00000050   Code   RO         3533    i.fb_draw_pixel     game.o
    0x08001eec   0x08001eec   0x0000005a   Code   RO         3534    i.fb_draw_rect      game.o
    0x08001f46   0x08001f46   0x00000002   PAD
    0x08001f48   0x08001f48   0x000000d8   Code   RO         3535    i.fb_draw_sprite    game.o
    0x08002020   0x08002020   0x00000028   Code   RO         3536    i.fb_draw_string    game.o
    0x08002048   0x08002048   0x00000034   Code   RO         3537    i.fb_fill_rect      game.o
    0x0800207c   0x0800207c   0x000000c0   Code   RO         3538    i.fb_flush          game.o
    0x0800213c   0x0800213c   0x0000000c   Code   RO         3539    i.fb_get_height     game.o
    0x08002148   0x08002148   0x0000000c   Code   RO         3540    i.fb_get_width      game.o
    0x08002154   0x08002154   0x00000048   Code   RO         3541    i.fb_set_orientation  game.o
    0x0800219c   0x0800219c   0x00000050   Code   RO         3689    i.fire_bullet       plane.o
    0x080021ec   0x080021ec   0x0000003c   Code   RO         3542    i.flash_write       game.o
    0x08002228   0x08002228   0x000001e8   Code   RO         3764    i.gen_maze          maze.o
    0x08002410   0x08002410   0x00000028   Code   RO         3864    i.get_next_piece    tetris.o
    0x08002438   0x08002438   0x0000002c   Code   RO         3690    i.hit_test          plane.o
    0x08002464   0x08002464   0x00000084   Code   RO         3865    i.lock_piece        tetris.o
    0x080024e8   0x080024e8   0x0000002c   Code   RO         3961    i.main              main.o
    0x08002514   0x08002514   0x00000024   Code   RO         3691    i.my_rand           plane.o
    0x08002538   0x08002538   0x00000024   Code   RO         3765    i.my_rand           maze.o
    0x0800255c   0x0800255c   0x00000024   Code   RO         3866    i.my_rand           tetris.o
    0x08002580   0x08002580   0x0000004c   Code   RO         3867    i.refill_bag        tetris.o
    0x080025cc   0x080025cc   0x0000021c   Code   RO         3812    i.render_board_frame  gomoku.o
    0x080027e8   0x080027e8   0x00000178   Code   RO         3868    i.render_game       tetris.o
    0x08002960   0x08002960   0x00000164   Code   RO         3692    i.render_game_frame  plane.o
    0x08002ac4   0x08002ac4   0x00000174   Code   RO         3693    i.render_gameover   plane.o
    0x08002c38   0x08002c38   0x00000174   Code   RO         3869    i.render_gameover   tetris.o
    0x08002dac   0x08002dac   0x00000118   Code   RO         3543    i.render_hub        game.o
    0x08002ec4   0x08002ec4   0x0000024c   Code   RO         3766    i.render_maze_frame  maze.o
    0x08003110   0x08003110   0x000000a8   Code   RO         3694    i.render_menu       plane.o
    0x080031b8   0x080031b8   0x000000dc   Code   RO         3870    i.render_menu       tetris.o
    0x08003294   0x08003294   0x00000058   Code   RO         3871    i.render_preview    tetris.o
    0x080032ec   0x080032ec   0x00000084   Code   RO         3767    i.render_win        maze.o
    0x08003370   0x08003370   0x000000c8   Code   RO         3695    i.reset             plane.o
    0x08003438   0x08003438   0x00000078   Code   RO         3813    i.reset_board       gomoku.o
    0x080034b0   0x080034b0   0x0000009c   Code   RO         3872    i.reset_game        tetris.o
    0x0800354c   0x0800354c   0x00000060   Code   RO         3696    i.spawn_enemy       plane.o
    0x080035ac   0x080035ac   0x00000044   Code   RO         3697    i.spawn_explosion   plane.o
    0x080035f0   0x080035f0   0x0000005c   Code   RO         3873    i.spawn_piece       tetris.o
    0x0800364c   0x0800364c   0x0000031c   Code   RO         3698    i.update            plane.o
    0x08003968   0x08003968   0x00000890   Data   RO         3270    .constdata          oled.o
    0x080041f8   0x080041f8   0x00000010   Data   RO         3545    .constdata          game.o
    0x08004208   0x08004208   0x0000002d   Data   RO         3700    .constdata          plane.o
    0x08004235   0x08004235   0x00000010   Data   RO         3769    .constdata          maze.o
    0x08004245   0x08004245   0x00000001   PAD
    0x08004246   0x08004246   0x0000007a   Data   RO         3875    .constdata          tetris.o
    0x080042c0   0x080042c0   0x0000001f   Data   RO         3546    .conststring        game.o
    0x080042df   0x080042df   0x00000001   PAD
    0x080042e0   0x080042e0   0x00000020   Data   RO         4124    Region$$Table       anon$$obj.o


    Execution Region RW_IRAM1 (Exec base: 0x20000000, Load base: 0x08004300, Size: 0x00000d98, Max: 0x00005000, ABSOLUTE)

    Exec Addr    Load Addr    Size         Type   Attr      Idx    E Section Name        Object

    0x20000000   0x08004300   0x00000003   Data   RW         3422    .data               serial.o
    0x20000003   0x08004303   0x00000006   Data   RW         3487    .data               key.o
    0x20000009   0x08004309   0x00000003   PAD
    0x2000000c   0x0800430c   0x00000012   Data   RW         3547    .data               game.o
    0x2000001e   0x0800431e   0x00000002   PAD
    0x20000020   0x08004320   0x00000010   Data   RW         3701    .data               plane.o
    0x20000030   0x08004330   0x0000000d   Data   RW         3770    .data               maze.o
    0x2000003d   0x0800433d   0x0000000a   Data   RW         3815    .data               gomoku.o
    0x20000047   0x08004347   0x00000001   PAD
    0x20000048   0x08004348   0x00000021   Data   RW         3876    .data               tetris.o
    0x20000069   0x08004369   0x00000003   PAD
    0x2000006c   0x0800436c   0x00000004   Data   RW         3962    .data               main.o
    0x20000070        -       0x0000012c   Zero   RW         3421    .bss                serial.o
    0x2000019c        -       0x00000400   Zero   RW         3544    .bss                game.o
    0x2000059c        -       0x0000003c   Zero   RW         3699    .bss                plane.o
    0x200005d8        -       0x000002b4   Zero   RW         3768    .bss                maze.o
    0x2000088c        -       0x00000040   Zero   RW         3814    .bss                gomoku.o
    0x200008cc        -       0x000000c8   Zero   RW         3874    .bss                tetris.o
    0x20000994   0x08004370   0x00000004   PAD
    0x20000998        -       0x00000400   Zero   RW            1    STACK               startup_stm32f10x_md.o


==============================================================================

Image component sizes


      Code (inc. data)   RO Data    RW Data    ZI Data      Debug   Object Name

         0          0          0          0          0       4508   core_cm3.o
      3386        232         47         18       1024      16035   game.o
      1568        190          0         10         64       5657   gomoku.o
       232         18          0          6          0       1486   key.o
        44          6          0          4          0        908   main.o
      1764        212         16         13        692       5013   maze.o
         0          0          0          0          0     201656   misc.o
       570         16       2192          0          0       4796   oled.o
      2588        368         45         16         60       8331   plane.o
       160         20          0          3        300       1192   serial.o
        36          8        236          0       1024        788   startup_stm32f10x_md.o
       274         30          0          0          0       9326   stm32f10x_flash.o
       306          0          0          0          0      11192   stm32f10x_gpio.o
        26          0          0          0          0       3478   stm32f10x_it.o
        32          6          0          0          0        509   stm32f10x_rcc.o
       124          0          0          0          0       9078   stm32f10x_usart.o
       328         28          0          0          0      10013   system_stm32f10x.o
      2916        444        122         33        200      11769   tetris.o

    ----------------------------------------------------------------------
     14368       1578       2692        112       3368     305735   Object Totals
         0          0         32          0          0          0   (incl. Generated)
        14          0          2          9          4          0   (incl. Padding)

    ----------------------------------------------------------------------

      Code (inc. data)   RO Data    RW Data    ZI Data      Debug   Library Member Name

         0          0          0          0          0          0   entry.o
         0          0          0          0          0          0   entry10a.o
         0          0          0          0          0          0   entry11a.o
         4          0          0          0          0          0   entry12b.o
         8          4          0          0          0          0   entry2.o
         4          0          0          0          0          0   entry5.o
         0          0          0          0          0          0   entry7b.o
         0          0          0          0          0          0   entry8b.o
         8          4          0          0          0          0   entry9a.o
        30          0          0          0          0          0   handlers.o
        36          8          0          0          0         68   init.o

    ----------------------------------------------------------------------
        92         16          0          0          0         68   Library Totals
         2          0          0          0          0          0   (incl. Padding)

    ----------------------------------------------------------------------

      Code (inc. data)   RO Data    RW Data    ZI Data      Debug   Library Name

        90         16          0          0          0         68   mc_w.l

    ----------------------------------------------------------------------
        92         16          0          0          0         68   Library Totals

    ----------------------------------------------------------------------

==============================================================================


      Code (inc. data)   RO Data    RW Data    ZI Data      Debug   

     14460       1594       2692        112       3368     300651   Grand Totals
     14460       1594       2692        112       3368     300651   ELF Image Totals
     14460       1594       2692        112          0          0   ROM Totals

==============================================================================

    Total RO  Size (Code + RO Data)                17152 (  16.75kB)
    Total RW  Size (RW Data + ZI Data)              3480 (   3.40kB)
    Total ROM Size (Code + RO Data + RW Data)      17264 (  16.86kB)

==============================================================================

